Archive member included to satisfy reference by file (symbol)

c:/st/stm32cubeide_1.6.1/stm32cubeide/plugins/com.st.stm32cube.ide.mcu.externaltools.gnu-tools-for-stm32.9-2020-q2-update.win32_1.5.0.202011040924/tools/bin/../lib/gcc/arm-none-eabi/9.3.1/../../../../arm-none-eabi/lib/thumb/v7e-m+dp/hard\libc_nano.a(lib_a-errno.o)
                              Core/Src/syscalls.o (__errno)
c:/st/stm32cubeide_1.6.1/stm32cubeide/plugins/com.st.stm32cube.ide.mcu.externaltools.gnu-tools-for-stm32.9-2020-q2-update.win32_1.5.0.202011040924/tools/bin/../lib/gcc/arm-none-eabi/9.3.1/../../../../arm-none-eabi/lib/thumb/v7e-m+dp/hard\libc_nano.a(lib_a-exit.o)
                              c:/st/stm32cubeide_1.6.1/stm32cubeide/plugins/com.st.stm32cube.ide.mcu.externaltools.gnu-tools-for-stm32.9-2020-q2-update.win32_1.5.0.202011040924/tools/bin/../lib/gcc/arm-none-eabi/9.3.1/../../../../arm-none-eabi/lib/thumb/v7e-m+dp/hard/crt0.o (exit)
c:/st/stm32cubeide_1.6.1/stm32cubeide/plugins/com.st.stm32cube.ide.mcu.externaltools.gnu-tools-for-stm32.9-2020-q2-update.win32_1.5.0.202011040924/tools/bin/../lib/gcc/arm-none-eabi/9.3.1/../../../../arm-none-eabi/lib/thumb/v7e-m+dp/hard\libc_nano.a(lib_a-impure.o)
                              c:/st/stm32cubeide_1.6.1/stm32cubeide/plugins/com.st.stm32cube.ide.mcu.externaltools.gnu-tools-for-stm32.9-2020-q2-update.win32_1.5.0.202011040924/tools/bin/../lib/gcc/arm-none-eabi/9.3.1/../../../../arm-none-eabi/lib/thumb/v7e-m+dp/hard\libc_nano.a(lib_a-exit.o) (_global_impure_ptr)
c:/st/stm32cubeide_1.6.1/stm32cubeide/plugins/com.st.stm32cube.ide.mcu.externaltools.gnu-tools-for-stm32.9-2020-q2-update.win32_1.5.0.202011040924/tools/bin/../lib/gcc/arm-none-eabi/9.3.1/../../../../arm-none-eabi/lib/thumb/v7e-m+dp/hard\libc_nano.a(lib_a-init.o)
                              c:/st/stm32cubeide_1.6.1/stm32cubeide/plugins/com.st.stm32cube.ide.mcu.externaltools.gnu-tools-for-stm32.9-2020-q2-update.win32_1.5.0.202011040924/tools/bin/../lib/gcc/arm-none-eabi/9.3.1/../../../../arm-none-eabi/lib/thumb/v7e-m+dp/hard/crt0.o (__libc_init_array)
c:/st/stm32cubeide_1.6.1/stm32cubeide/plugins/com.st.stm32cube.ide.mcu.externaltools.gnu-tools-for-stm32.9-2020-q2-update.win32_1.5.0.202011040924/tools/bin/../lib/gcc/arm-none-eabi/9.3.1/../../../../arm-none-eabi/lib/thumb/v7e-m+dp/hard\libc_nano.a(lib_a-memcpy-stub.o)
                              USB_DEVICE/App/usbd_cdc_if.o (memcpy)
c:/st/stm32cubeide_1.6.1/stm32cubeide/plugins/com.st.stm32cube.ide.mcu.externaltools.gnu-tools-for-stm32.9-2020-q2-update.win32_1.5.0.202011040924/tools/bin/../lib/gcc/arm-none-eabi/9.3.1/../../../../arm-none-eabi/lib/thumb/v7e-m+dp/hard\libc_nano.a(lib_a-memset.o)
                              c:/st/stm32cubeide_1.6.1/stm32cubeide/plugins/com.st.stm32cube.ide.mcu.externaltools.gnu-tools-for-stm32.9-2020-q2-update.win32_1.5.0.202011040924/tools/bin/../lib/gcc/arm-none-eabi/9.3.1/../../../../arm-none-eabi/lib/thumb/v7e-m+dp/hard/crt0.o (memset)
c:/st/stm32cubeide_1.6.1/stm32cubeide/plugins/com.st.stm32cube.ide.mcu.externaltools.gnu-tools-for-stm32.9-2020-q2-update.win32_1.5.0.202011040924/tools/bin/../lib/gcc/arm-none-eabi/9.3.1/thumb/v7e-m+dp/hard\libgcc.a(_aeabi_uldivmod.o)
                              Drivers/STM32H7xx_HAL_Driver/Src/stm32h7xx_hal_uart.o (__aeabi_uldivmod)
c:/st/stm32cubeide_1.6.1/stm32cubeide/plugins/com.st.stm32cube.ide.mcu.externaltools.gnu-tools-for-stm32.9-2020-q2-update.win32_1.5.0.202011040924/tools/bin/../lib/gcc/arm-none-eabi/9.3.1/thumb/v7e-m+dp/hard\libgcc.a(_udivmoddi4.o)
                              c:/st/stm32cubeide_1.6.1/stm32cubeide/plugins/com.st.stm32cube.ide.mcu.externaltools.gnu-tools-for-stm32.9-2020-q2-update.win32_1.5.0.202011040924/tools/bin/../lib/gcc/arm-none-eabi/9.3.1/thumb/v7e-m+dp/hard\libgcc.a(_aeabi_uldivmod.o) (__udivmoddi4)
c:/st/stm32cubeide_1.6.1/stm32cubeide/plugins/com.st.stm32cube.ide.mcu.externaltools.gnu-tools-for-stm32.9-2020-q2-update.win32_1.5.0.202011040924/tools/bin/../lib/gcc/arm-none-eabi/9.3.1/thumb/v7e-m+dp/hard\libgcc.a(_dvmd_tls.o)
                              c:/st/stm32cubeide_1.6.1/stm32cubeide/plugins/com.st.stm32cube.ide.mcu.externaltools.gnu-tools-for-stm32.9-2020-q2-update.win32_1.5.0.202011040924/tools/bin/../lib/gcc/arm-none-eabi/9.3.1/thumb/v7e-m+dp/hard\libgcc.a(_aeabi_uldivmod.o) (__aeabi_ldiv0)

Allocating common symbols
Common symbol       size              file

retSD               0x1               FATFS/App/fatfs.o
hUsbDeviceFS        0x2d0             USB_DEVICE/App/usb_device.o
hdma_uart4_rx       0x78              Core/Src/main.o
hpcd_USB_OTG_FS     0x408             USB_DEVICE/Target/usbd_conf.o
hsd1                0x80              Core/Src/main.o
uwTick              0x4               Drivers/STM32H7xx_HAL_Driver/Src/stm32h7xx_hal.o
pFlash              0x1c              Drivers/STM32H7xx_HAL_Driver/Src/stm32h7xx_hal_flash.o
UserRxBufferFS      0x800             USB_DEVICE/App/usbd_cdc_if.o
htim3               0x4c              Core/Src/main.o
[...]
Memory Configuration

Name             Origin             Length             Attributes
FLASH            0x0000000008000000 0x0000000000100000 xr
RAM              0x0000000020000000 0x0000000000020000 xrw
RAM_D1           0x0000000024000000 0x0000000000080000 xrw
RAM_D2           0x0000000030000000 0x0000000000048000 xrw
RAM_D3           0x0000000038000000 0x0000000000010000 xrw
ITCMRAM          0x0000000000000000 0x0000000000010000 xrw
*default*        0x0000000000000000 0xffffffffffffffff

Linker script and memory map

LOAD c:/st/stm32cubeide_1.6.1/stm32cubeide/plugins/com.st.stm32cube.ide.mcu.externaltools.gnu-tools-for-stm32.9-2020-q2-update.win32_1.5.0.202011040924/tools/bin/../lib/gcc/arm-none-eabi/9.3.1/thumb/v7e-m+dp/hard/crti.o
LOAD c:/st/stm32cubeide_1.6.1/stm32cubeide/plugins/com.st.stm32cube.ide.mcu.externaltools.gnu-tools-for-stm32.9-2020-q2-update.win32_1.5.0.202011040924/tools/bin/../lib/gcc/arm-none-eabi/9.3.1/thumb/v7e-m+dp/hard/crtbegin.o
LOAD c:/st/stm32cubeide_1.6.1/stm32cubeide/plugins/com.st.stm32cube.ide.mcu.externaltools.gnu-tools-for-stm32.9-2020-q2-update.win32_1.5.0.202011040924/tools/bin/../lib/gcc/arm-none-eabi/9.3.1/../../../../arm-none-eabi/lib/thumb/v7e-m+dp/hard/crt0.o
LOAD Core/Src/main.o
LOAD Core/Src/stm32h7xx_hal_msp.o
LOAD Core/Src/stm32h7xx_it.o
LOAD Core/Src/syscalls.o
LOAD Core/Src/sysmem.o
LOAD Core/Src/system_stm32h7xx.o
LOAD Core/Startup/startup_stm32h743vgtx.o
LOAD Drivers/STM32H7xx_HAL_Driver/Src/stm32h7xx_hal.o
LOAD Drivers/STM32H7xx_HAL_Driver/Src/stm32h7xx_hal_adc.o
LOAD Drivers/STM32H7xx_HAL_Driver/Src/stm32h7xx_hal_adc_ex.o
LOAD Drivers/STM32H7xx_HAL_Driver/Src/stm32h7xx_hal_cortex.o
LOAD Drivers/STM32H7xx_HAL_Driver/Src/stm32h7xx_hal_dma.o
LOAD Drivers/STM32H7xx_HAL_Driver/Src/stm32h7xx_hal_dma_ex.o
LOAD Drivers/STM32H7xx_HAL_Driver/Src/stm32h7xx_hal_exti.o
LOAD Drivers/STM32H7xx_HAL_Driver/Src/stm32h7xx_hal_flash.o
LOAD Drivers/STM32H7xx_HAL_Driver/Src/stm32h7xx_hal_flash_ex.o
LOAD Drivers/STM32H7xx_HAL_Driver/Src/stm32h7xx_hal_gpio.o
LOAD Drivers/STM32H7xx_HAL_Driver/Src/stm32h7xx_hal_hsem.o
LOAD Drivers/STM32H7xx_HAL_Driver/Src/stm32h7xx_hal_i2c.o
LOAD Drivers/STM32H7xx_HAL_Driver/Src/stm32h7xx_hal_i2c_ex.o
LOAD Drivers/STM32H7xx_HAL_Driver/Src/stm32h7xx_hal_mdma.o
LOAD Drivers/STM32H7xx_HAL_Driver/Src/stm32h7xx_hal_pcd.o
LOAD Drivers/STM32H7xx_HAL_Driver/Src/stm32h7xx_hal_pcd_ex.o
LOAD Drivers/STM32H7xx_HAL_Driver/Src/stm32h7xx_hal_pwr.o
LOAD Drivers/STM32H7xx_HAL_Driver/Src/stm32h7xx_hal_pwr_ex.o
LOAD Drivers/STM32H7xx_HAL_Driver/Src/stm32h7xx_hal_rcc.o
LOAD Drivers/STM32H7xx_HAL_Driver/Src/stm32h7xx_hal_rcc_ex.o
LOAD Drivers/STM32H7xx_HAL_Driver/Src/stm32h7xx_hal_sd.o
LOAD Drivers/STM32H7xx_HAL_Driver/Src/stm32h7xx_hal_sd_ex.o
LOAD Drivers/STM32H7xx_HAL_Driver/Src/stm32h7xx_hal_tim.o
LOAD Drivers/STM32H7xx_HAL_Driver/Src/stm32h7xx_hal_tim_ex.o
LOAD Drivers/STM32H7xx_HAL_Driver/Src/stm32h7xx_hal_uart.o
LOAD Drivers/STM32H7xx_HAL_Driver/Src/stm32h7xx_hal_uart_ex.o
LOAD Drivers/STM32H7xx_HAL_Driver/Src/stm32h7xx_ll_delayblock.o
LOAD Drivers/STM32H7xx_HAL_Driver/Src/stm32h7xx_ll_sdmmc.o
LOAD Drivers/STM32H7xx_HAL_Driver/Src/stm32h7xx_ll_usb.o
LOAD FATFS/App/fatfs.o
LOAD FATFS/Target/bsp_driver_sd.o
LOAD FATFS/Target/fatfs_platform.o
LOAD FATFS/Target/sd_diskio.o
LOAD Middlewares/ST/STM32_USB_Device_Library/Class/CDC/Src/usbd_cdc.o
LOAD Middlewares/ST/STM32_USB_Device_Library/Core/Src/usbd_core.o
LOAD Middlewares/ST/STM32_USB_Device_Library/Core/Src/usbd_ctlreq.o
LOAD Middlewares/ST/STM32_USB_Device_Library/Core/Src/usbd_ioreq.o
LOAD Middlewares/Third_Party/FatFs/src/diskio.o
LOAD Middlewares/Third_Party/FatFs/src/ff.o
LOAD Middlewares/Third_Party/FatFs/src/ff_gen_drv.o
LOAD Middlewares/Third_Party/FatFs/src/option/syscall.o
LOAD USB_DEVICE/App/usb_device.o
LOAD USB_DEVICE/App/usbd_cdc_if.o
LOAD USB_DEVICE/App/usbd_desc.o
LOAD USB_DEVICE/Target/usbd_conf.o
START GROUP
LOAD c:/st/stm32cubeide_1.6.1/stm32cubeide/plugins/com.st.stm32cube.ide.mcu.externaltools.gnu-tools-for-stm32.9-2020-q2-update.win32_1.5.0.202011040924/tools/bin/../lib/gcc/arm-none-eabi/9.3.1/../../../../arm-none-eabi/lib/thumb/v7e-m+dp/hard\libc_nano.a
LOAD c:/st/stm32cubeide_1.6.1/stm32cubeide/plugins/com.st.stm32cube.ide.mcu.externaltools.gnu-tools-for-stm32.9-2020-q2-update.win32_1.5.0.202011040924/tools/bin/../lib/gcc/arm-none-eabi/9.3.1/../../../../arm-none-eabi/lib/thumb/v7e-m+dp/hard\libm.a
END GROUP
START GROUP
LOAD c:/st/stm32cubeide_1.6.1/stm32cubeide/plugins/com.st.stm32cube.ide.mcu.externaltools.gnu-tools-for-stm32.9-2020-q2-update.win32_1.5.0.202011040924/tools/bin/../lib/gcc/arm-none-eabi/9.3.1/thumb/v7e-m+dp/hard\libgcc.a
LOAD c:/st/stm32cubeide_1.6.1/stm32cubeide/plugins/com.st.stm32cube.ide.mcu.externaltools.gnu-tools-for-stm32.9-2020-q2-update.win32_1.5.0.202011040924/tools/bin/../lib/gcc/arm-none-eabi/9.3.1/../../../../arm-none-eabi/lib/thumb/v7e-m+dp/hard\libc_nano.a
END GROUP
START GROUP
LOAD c:/st/stm32cubeide_1.6.1/stm32cubeide/plugins/com.st.stm32cube.ide.mcu.externaltools.gnu-tools-for-stm32.9-2020-q2-update.win32_1.5.0.202011040924/tools/bin/../lib/gcc/arm-none-eabi/9.3.1/thumb/v7e-m+dp/hard\libgcc.a
LOAD c:/st/stm32cubeide_1.6.1/stm32cubeide/plugins/com.st.stm32cube.ide.mcu.externaltools.gnu-tools-for-stm32.9-2020-q2-update.win32_1.5.0.202011040924/tools/bin/../lib/gcc/arm-none-eabi/9.3.1/../../../../arm-none-eabi/lib/thumb/v7e-m+dp/hard\libc_nano.a
LOAD c:/st/stm32cubeide_1.6.1/stm32cubeide/plugins/com.st.stm32cube.ide.mcu.externaltools.gnu-tools-for-stm32.9-2020-q2-update.win32_1.5.0.202011040924/tools/bin/../lib/gcc/arm-none-eabi/9.3.1/../../../../arm-none-eabi/lib/thumb/v7e-m+dp/hard\libnosys.a
END GROUP
START GROUP
LOAD c:/st/stm32cubeide_1.6.1/stm32cubeide/plugins/com.st.stm32cube.ide.mcu.externaltools.gnu-tools-for-stm32.9-2020-q2-update.win32_1.5.0.202011040924/tools/bin/../lib/gcc/arm-none-eabi/9.3.1/thumb/v7e-m+dp/hard\libgcc.a
LOAD c:/st/stm32cubeide_1.6.1/stm32cubeide/plugins/com.st.stm32cube.ide.mcu.externaltools.gnu-tools-for-stm32.9-2020-q2-update.win32_1.5.0.202011040924/tools/bin/../lib/gcc/arm-none-eabi/9.3.1/../../../../arm-none-eabi/lib/thumb/v7e-m+dp/hard\libc_nano.a
LOAD c:/st/stm32cubeide_1.6.1/stm32cubeide/plugins/com.st.stm32cube.ide.mcu.externaltools.gnu-tools-for-stm32.9-2020-q2-update.win32_1.5.0.202011040924/tools/bin/../lib/gcc/arm-none-eabi/9.3.1/../../../../arm-none-eabi/lib/thumb/v7e-m+dp/hard\libnosys.a
END GROUP
LOAD c:/st/stm32cubeide_1.6.1/stm32cubeide/plugins/com.st.stm32cube.ide.mcu.externaltools.gnu-tools-for-stm32.9-2020-q2-update.win32_1.5.0.202011040924/tools/bin/../lib/gcc/arm-none-eabi/9.3.1/thumb/v7e-m+dp/hard/crtend.o
LOAD c:/st/stm32cubeide_1.6.1/stm32cubeide/plugins/com.st.stm32cube.ide.mcu.externaltools.gnu-tools-for-stm32.9-2020-q2-update.win32_1.5.0.202011040924/tools/bin/../lib/gcc/arm-none-eabi/9.3.1/thumb/v7e-m+dp/hard/crtn.o
                0x0000000020020000                _estack = 0x20020000
                0x0000000000000200                _Min_Heap_Size = 0x200
                0x0000000000000400                _Min_Stack_Size = 0x400

.isr_vector     0x0000000008000000      0x298
                0x0000000008000000                . = ALIGN (0x4)
 *(.isr_vector)
 .isr_vector    0x0000000008000000      0x298 Core/Startup/startup_stm32h743vgtx.o
                0x0000000008000000                g_pfnVectors
                0x0000000008000298                . = ALIGN (0x4)

.text           0x0000000008000298    0x10de0
                0x0000000008000298                . = ALIGN (0x4)
 *(.text)
 .text          0x0000000008000298       0x40 c:/st/stm32cubeide_1.6.1/stm32cubeide/plugins/com.st.stm32cube.ide.mcu.externaltools.gnu-tools-for-stm32.9-2020-q2-update.win32_1.5.0.202011040924/tools/bin/../lib/gcc/arm-none-eabi/9.3.1/thumb/v7e-m+dp/hard/crtbegin.o
 .text          0x00000000080002d8       0x30 c:/st/stm32cubeide_1.6.1/stm32cubeide/plugins/com.st.stm32cube.ide.mcu.externaltools.gnu-tools-for-stm32.9-2020-q2-update.win32_1.5.0.202011040924/tools/bin/../lib/gcc/arm-none-eabi/9.3.1/thumb/v7e-m+dp/hard\libgcc.a(_aeabi_uldivmod.o)
                0x00000000080002d8                __aeabi_uldivmod
 .text          0x0000000008000308      0x2c4 c:/st/stm32cubeide_1.6.1/stm32cubeide/plugins/com.st.stm32cube.ide.mcu.externaltools.gnu-tools-for-stm32.9-2020-q2-update.win32_1.5.0.202011040924/tools/bin/../lib/gcc/arm-none-eabi/9.3.1/thumb/v7e-m+dp/hard\libgcc.a(_udivmoddi4.o)
                0x0000000008000308                __udivmoddi4
 .text          0x00000000080005cc        0x4 c:/st/stm32cubeide_1.6.1/stm32cubeide/plugins/com.st.stm32cube.ide.mcu.externaltools.gnu-tools-for-stm32.9-2020-q2-update.win32_1.5.0.202011040924/tools/bin/../lib/gcc/arm-none-eabi/9.3.1/thumb/v7e-m+dp/hard\libgcc.a(_dvmd_tls.o)
                0x00000000080005cc                __aeabi_idiv0
                0x00000000080005cc                __aeabi_ldiv0
 *(.text*)
 .text.main     0x00000000080005d0       0x3a Core/Src/main.o
                0x00000000080005d0                main
 *fill*         0x000000000800060a        0x2 
 .text.SystemClock_Config
                0x000000000800060c      0x114 Core/Src/main.o
                0x000000000800060c                SystemClock_Config
 .text.PeriphCommonClock_Config
                0x0000000008000720       0x5a Core/Src/main.o
                0x0000000008000720                PeriphCommonClock_Config
 *fill*         0x000000000800077a        0x2 
 .text.MX_ADC1_Init
                0x000000000800077c      0x1b8 Core/Src/main.o
 .text.MX_ADC3_Init
                0x0000000008000934       0xcc Core/Src/main.o
 .text.MX_SDMMC1_SD_Init
                0x0000000008000a00       0x44 Core/Src/main.o
 .text.MX_TIM2_Init
                0x0000000008000a44       0x9c Core/Src/main.o
 .text.MX_TIM3_Init
                0x0000000008000ae0       0x9c Core/Src/main.o
 .text.MX_UART4_Init
                0x0000000008000b7c       0x98 Core/Src/main.o
 .text.MX_DMA_Init
                0x0000000008000c14       0x50 Core/Src/main.o
 .text.MX_GPIO_Init
                0x0000000008000c64      0x208 Core/Src/main.o
 .text.HAL_ADC_ConvCpltCallback
                0x0000000008000e6c       0x14 Core/Src/main.o
                0x0000000008000e6c                HAL_ADC_ConvCpltCallback
 .text.HAL_TIM_PeriodElapsedCallback
                0x0000000008000e80       0x14 Core/Src/main.o
                0x0000000008000e80                HAL_TIM_PeriodElapsedCallback
 .text.HAL_GPIO_EXTI_Callback
                0x0000000008000e94       0x16 Core/Src/main.o
                0x0000000008000e94                HAL_GPIO_EXTI_Callback
 .text.Error_Handler
                0x0000000008000eaa        0xa Core/Src/main.o
                0x0000000008000eaa                Error_Handler
 .text.HAL_MspInit
                0x0000000008000eb4       0x34 Core/Src/stm32h7xx_hal_msp.o
                0x0000000008000eb4                HAL_MspInit
 .text.HAL_ADC_MspInit
                0x0000000008000ee8      0x184 Core/Src/stm32h7xx_hal_msp.o
                0x0000000008000ee8                HAL_ADC_MspInit
 .text.HAL_SD_MspInit
                0x000000000800106c      0x118 Core/Src/stm32h7xx_hal_msp.o
                0x000000000800106c                HAL_SD_MspInit
 .text.HAL_TIM_Base_MspInit
                0x0000000008001184       0x8c Core/Src/stm32h7xx_hal_msp.o
                0x0000000008001184                HAL_TIM_Base_MspInit
 .text.HAL_UART_MspInit
                0x0000000008001210      0x194 Core/Src/stm32h7xx_hal_msp.o
                0x0000000008001210                HAL_UART_MspInit
 .text.NMI_Handler
                0x00000000080013a4        0x6 Core/Src/stm32h7xx_it.o
                0x00000000080013a4                NMI_Handler
 .text.HardFault_Handler
                0x00000000080013aa        0x6 Core/Src/stm32h7xx_it.o
                0x00000000080013aa                HardFault_Handler
 .text.MemManage_Handler
                0x00000000080013b0        0x6 Core/Src/stm32h7xx_it.o
                0x00000000080013b0                MemManage_Handler
 .text.BusFault_Handler
                0x00000000080013b6        0x6 Core/Src/stm32h7xx_it.o
                0x00000000080013b6                BusFault_Handler
 .text.UsageFault_Handler
                0x00000000080013bc        0x6 Core/Src/stm32h7xx_it.o
                0x00000000080013bc                UsageFault_Handler
 .text.SVC_Handler
                0x00000000080013c2        0xe Core/Src/stm32h7xx_it.o
                0x00000000080013c2                SVC_Handler
 .text.DebugMon_Handler
                0x00000000080013d0        0xe Core/Src/stm32h7xx_it.o
                0x00000000080013d0                DebugMon_Handler
 .text.PendSV_Handler
                0x00000000080013de        0xe Core/Src/stm32h7xx_it.o
                0x00000000080013de                PendSV_Handler
 .text.SysTick_Handler
                0x00000000080013ec        0xc Core/Src/stm32h7xx_it.o
                0x00000000080013ec                SysTick_Handler
 .text.DMA1_Stream0_IRQHandler
                0x00000000080013f8       0x14 Core/Src/stm32h7xx_it.o
                0x00000000080013f8                DMA1_Stream0_IRQHandler
 .text.DMA1_Stream1_IRQHandler
                0x000000000800140c       0x14 Core/Src/stm32h7xx_it.o
                0x000000000800140c                DMA1_Stream1_IRQHandler
 .text.ADC_IRQHandler
                0x0000000008001420       0x14 Core/Src/stm32h7xx_it.o
                0x0000000008001420                ADC_IRQHandler
 .text.EXTI9_5_IRQHandler
                0x0000000008001434       0x10 Core/Src/stm32h7xx_it.o
                0x0000000008001434                EXTI9_5_IRQHandler
 .text.TIM2_IRQHandler
                0x0000000008001444       0x14 Core/Src/stm32h7xx_it.o
                0x0000000008001444                TIM2_IRQHandler
 .text.TIM3_IRQHandler
                0x0000000008001458       0x14 Core/Src/stm32h7xx_it.o
                0x0000000008001458                TIM3_IRQHandler
 .text.EXTI15_10_IRQHandler
                0x000000000800146c       0x10 Core/Src/stm32h7xx_it.o
                0x000000000800146c                EXTI15_10_IRQHandler
 .text.OTG_FS_IRQHandler
                0x000000000800147c       0x14 Core/Src/stm32h7xx_it.o
                0x000000000800147c                OTG_FS_IRQHandler
 .text.ADC3_IRQHandler
                0x0000000008001490       0x14 Core/Src/stm32h7xx_it.o
                0x0000000008001490                ADC3_IRQHandler
 .text.SystemInit
                0x00000000080014a4      0x118 Core/Src/system_stm32h7xx.o
                0x00000000080014a4                SystemInit
 .text.Reset_Handler
                0x00000000080015bc       0x50 Core/Startup/startup_stm32h743vgtx.o
                0x00000000080015bc                Reset_Handler
 .text.Default_Handler
                0x000000000800160c        0x2 Core/Startup/startup_stm32h743vgtx.o
                0x000000000800160c                RTC_Alarm_IRQHandler
                0x000000000800160c                EXTI2_IRQHandler
                0x000000000800160c                TIM8_CC_IRQHandler
                0x000000000800160c                HRTIM1_Master_IRQHandler
                0x000000000800160c                UART8_IRQHandler
                0x000000000800160c                SPI4_IRQHandler
                0x000000000800160c                TIM1_CC_IRQHandler
                0x000000000800160c                BDMA_Channel6_IRQHandler
                0x000000000800160c                DMA2_Stream5_IRQHandler
                0x000000000800160c                HRTIM1_FLT_IRQHandler
                0x000000000800160c                JPEG_IRQHandler
                0x000000000800160c                DMA1_Stream5_IRQHandler
                0x000000000800160c                BDMA_Channel1_IRQHandler
                0x000000000800160c                HRTIM1_TIMD_IRQHandler
                0x000000000800160c                TAMP_STAMP_IRQHandler
                0x000000000800160c                EXTI3_IRQHandler
                0x000000000800160c                LPTIM4_IRQHandler
                0x000000000800160c                TIM8_TRG_COM_TIM14_IRQHandler
                0x000000000800160c                LPTIM2_IRQHandler
                0x000000000800160c                DFSDM1_FLT1_IRQHandler
                0x000000000800160c                DMAMUX2_OVR_IRQHandler
                0x000000000800160c                TIM8_UP_TIM13_IRQHandler
                0x000000000800160c                I2C3_ER_IRQHandler
                0x000000000800160c                DFSDM1_FLT2_IRQHandler
                0x000000000800160c                MDMA_IRQHandler
                0x000000000800160c                LPTIM3_IRQHandler
                0x000000000800160c                HSEM1_IRQHandler
                0x000000000800160c                EXTI0_IRQHandler
                0x000000000800160c                I2C2_EV_IRQHandler
                0x000000000800160c                DMA1_Stream2_IRQHandler
                0x000000000800160c                FPU_IRQHandler
                0x000000000800160c                OTG_HS_WKUP_IRQHandler
                0x000000000800160c                FDCAN1_IT1_IRQHandler
                0x000000000800160c                LTDC_ER_IRQHandler
                0x000000000800160c                DMA2_Stream2_IRQHandler
                0x000000000800160c                HRTIM1_TIME_IRQHandler
                0x000000000800160c                SPI1_IRQHandler
                0x000000000800160c                TIM6_DAC_IRQHandler
                0x000000000800160c                DCMI_IRQHandler
                0x000000000800160c                HRTIM1_TIMC_IRQHandler
                0x000000000800160c                DMA2_Stream3_IRQHandler
                0x000000000800160c                SAI2_IRQHandler
                0x000000000800160c                DFSDM1_FLT3_IRQHandler
                0x000000000800160c                USART6_IRQHandler
                0x000000000800160c                TIM17_IRQHandler
                0x000000000800160c                USART3_IRQHandler
                0x000000000800160c                BDMA_Channel7_IRQHandler
                0x000000000800160c                LPTIM5_IRQHandler
                0x000000000800160c                UART5_IRQHandler
                0x000000000800160c                DMA2_Stream0_IRQHandler
                0x000000000800160c                TIM4_IRQHandler
                0x000000000800160c                BDMA_Channel2_IRQHandler
                0x000000000800160c                QUADSPI_IRQHandler
                0x000000000800160c                I2C1_EV_IRQHandler
                0x000000000800160c                DMA1_Stream6_IRQHandler
                0x000000000800160c                DMAMUX1_OVR_IRQHandler
                0x000000000800160c                TIM16_IRQHandler
                0x000000000800160c                UART4_IRQHandler
                0x000000000800160c                BDMA_Channel5_IRQHandler
                0x000000000800160c                RCC_IRQHandler
                0x000000000800160c                TIM8_BRK_TIM12_IRQHandler
                0x000000000800160c                TIM1_TRG_COM_IRQHandler
                0x000000000800160c                Default_Handler
                0x000000000800160c                ECC_IRQHandler
                0x000000000800160c                CEC_IRQHandler
                0x000000000800160c                BDMA_Channel0_IRQHandler
                0x000000000800160c                DMA1_Stream7_IRQHandler
                0x000000000800160c                HRTIM1_TIMA_IRQHandler
                0x000000000800160c                SPI5_IRQHandler
                0x000000000800160c                TIM7_IRQHandler
                0x000000000800160c                SDMMC1_IRQHandler
                0x000000000800160c                TIM5_IRQHandler
                0x000000000800160c                DMA2_Stream7_IRQHandler
                0x000000000800160c                TIM15_IRQHandler
                0x000000000800160c                PVD_AVD_IRQHandler
                0x000000000800160c                I2C3_EV_IRQHandler
                0x000000000800160c                RTC_WKUP_IRQHandler
                0x000000000800160c                LTDC_IRQHandler
                0x000000000800160c                SAI3_IRQHandler
                0x000000000800160c                ETH_WKUP_IRQHandler
                0x000000000800160c                SPDIF_RX_IRQHandler
                0x000000000800160c                SPI2_IRQHandler
                0x000000000800160c                OTG_HS_EP1_IN_IRQHandler
                0x000000000800160c                CRS_IRQHandler
                0x000000000800160c                EXTI4_IRQHandler
                0x000000000800160c                RNG_IRQHandler
                0x000000000800160c                HRTIM1_TIMB_IRQHandler
                0x000000000800160c                FDCAN2_IT1_IRQHandler
                0x000000000800160c                ETH_IRQHandler
                0x000000000800160c                TIM1_UP_IRQHandler
                0x000000000800160c                BDMA_Channel4_IRQHandler
                0x000000000800160c                OTG_HS_EP1_OUT_IRQHandler
                0x000000000800160c                WWDG_IRQHandler
                0x000000000800160c                SPI6_IRQHandler
                0x000000000800160c                MDIOS_IRQHandler
                0x000000000800160c                I2C4_EV_IRQHandler
                0x000000000800160c                FDCAN2_IT0_IRQHandler
                0x000000000800160c                LPUART1_IRQHandler
                0x000000000800160c                FDCAN1_IT0_IRQHandler
                0x000000000800160c                OTG_FS_WKUP_IRQHandler
                0x000000000800160c                OTG_HS_IRQHandler
                0x000000000800160c                DMA2D_IRQHandler
                0x000000000800160c                TIM1_BRK_IRQHandler
                0x000000000800160c                EXTI1_IRQHandler
                0x000000000800160c                SDMMC2_IRQHandler
                0x000000000800160c                OTG_FS_EP1_OUT_IRQHandler
                0x000000000800160c                BDMA_Channel3_IRQHandler
                0x000000000800160c                UART7_IRQHandler
                0x000000000800160c                MDIOS_WKUP_IRQHandler
                0x000000000800160c                USART2_IRQHandler
                0x000000000800160c                DFSDM1_FLT0_IRQHandler
                0x000000000800160c                SAI4_IRQHandler
                0x000000000800160c                I2C2_ER_IRQHandler
                0x000000000800160c                DMA2_Stream1_IRQHandler
                0x000000000800160c                FLASH_IRQHandler
                0x000000000800160c                DMA2_Stream4_IRQHandler
                0x000000000800160c                USART1_IRQHandler
                0x000000000800160c                SPI3_IRQHandler
                0x000000000800160c                WAKEUP_PIN_IRQHandler
                0x000000000800160c                DMA1_Stream4_IRQHandler
                0x000000000800160c                OTG_FS_EP1_IN_IRQHandler
                0x000000000800160c                I2C1_ER_IRQHandler
                0x000000000800160c                FMC_IRQHandler
                0x000000000800160c                FDCAN_CAL_IRQHandler
                0x000000000800160c                SWPMI1_IRQHandler
                0x000000000800160c                COMP1_IRQHandler
                0x000000000800160c                LPTIM1_IRQHandler
                0x000000000800160c                I2C4_ER_IRQHandler
                0x000000000800160c                DMA2_Stream6_IRQHandler
                0x000000000800160c                SAI1_IRQHandler
                0x000000000800160c                DMA1_Stream3_IRQHandler
 *fill*         0x000000000800160e        0x2 
 .text.HAL_Init
                0x0000000008001610       0x78 Drivers/STM32H7xx_HAL_Driver/Src/stm32h7xx_hal.o
                0x0000000008001610                HAL_Init
 .text.HAL_InitTick
                0x0000000008001688       0x6c Drivers/STM32H7xx_HAL_Driver/Src/stm32h7xx_hal.o
                0x0000000008001688                HAL_InitTick
 .text.HAL_IncTick
                0x00000000080016f4       0x28 Drivers/STM32H7xx_HAL_Driver/Src/stm32h7xx_hal.o
                0x00000000080016f4                HAL_IncTick
 .text.HAL_GetTick
                0x000000000800171c       0x18 Drivers/STM32H7xx_HAL_Driver/Src/stm32h7xx_hal.o
                0x000000000800171c                HAL_GetTick
 .text.HAL_Delay
                0x0000000008001734       0x48 Drivers/STM32H7xx_HAL_Driver/Src/stm32h7xx_hal.o
                0x0000000008001734                HAL_Delay
 .text.HAL_GetREVID
                0x000000000800177c       0x18 Drivers/STM32H7xx_HAL_Driver/Src/stm32h7xx_hal.o
                0x000000000800177c                HAL_GetREVID
 .text.HAL_SYSCFG_AnalogSwitchConfig
                0x0000000008001794       0x2c Drivers/STM32H7xx_HAL_Driver/Src/stm32h7xx_hal.o
                0x0000000008001794                HAL_SYSCFG_AnalogSwitchConfig
 .text.LL_ADC_SetCommonClock
                0x00000000080017c0       0x26 Drivers/STM32H7xx_HAL_Driver/Src/stm32h7xx_hal_adc.o
 .text.LL_ADC_SetCommonPathInternalCh
                0x00000000080017e6       0x26 Drivers/STM32H7xx_HAL_Driver/Src/stm32h7xx_hal_adc.o
 .text.LL_ADC_GetCommonPathInternalCh
                0x000000000800180c       0x1c Drivers/STM32H7xx_HAL_Driver/Src/stm32h7xx_hal_adc.o
 .text.LL_ADC_SetOffset
                0x0000000008001828       0x40 Drivers/STM32H7xx_HAL_Driver/Src/stm32h7xx_hal_adc.o
 .text.LL_ADC_SetDataRightShift
                0x0000000008001868       0x32 Drivers/STM32H7xx_HAL_Driver/Src/stm32h7xx_hal_adc.o
 .text.LL_ADC_SetOffsetSignedSaturation
                0x000000000800189a       0x36 Drivers/STM32H7xx_HAL_Driver/Src/stm32h7xx_hal_adc.o
 .text.LL_ADC_REG_IsTriggerSourceSWStart
                0x00000000080018d0       0x26 Drivers/STM32H7xx_HAL_Driver/Src/stm32h7xx_hal_adc.o
 .text.LL_ADC_REG_SetSequencerRanks
                0x00000000080018f6       0x58 Drivers/STM32H7xx_HAL_Driver/Src/stm32h7xx_hal_adc.o
 .text.LL_ADC_INJ_IsTriggerSourceSWStart
                0x000000000800194e       0x26 Drivers/STM32H7xx_HAL_Driver/Src/stm32h7xx_hal_adc.o
 .text.LL_ADC_SetChannelSamplingTime
                0x0000000008001974       0x56 Drivers/STM32H7xx_HAL_Driver/Src/stm32h7xx_hal_adc.o
 *fill*         0x00000000080019ca        0x2 
 .text.LL_ADC_SetChannelSingleDiff
                0x00000000080019cc       0x48 Drivers/STM32H7xx_HAL_Driver/Src/stm32h7xx_hal_adc.o
 .text.LL_ADC_GetMultimode
                0x0000000008001a14       0x1c Drivers/STM32H7xx_HAL_Driver/Src/stm32h7xx_hal_adc.o
 .text.LL_ADC_GetMultiDMATransfer
                0x0000000008001a30       0x1c Drivers/STM32H7xx_HAL_Driver/Src/stm32h7xx_hal_adc.o
 .text.LL_ADC_DisableDeepPowerDown
                0x0000000008001a4c       0x24 Drivers/STM32H7xx_HAL_Driver/Src/stm32h7xx_hal_adc.o
 .text.LL_ADC_IsDeepPowerDownEnabled
                0x0000000008001a70       0x28 Drivers/STM32H7xx_HAL_Driver/Src/stm32h7xx_hal_adc.o
 .text.LL_ADC_EnableInternalRegulator
                0x0000000008001a98       0x28 Drivers/STM32H7xx_HAL_Driver/Src/stm32h7xx_hal_adc.o
 .text.LL_ADC_IsInternalRegulatorEnabled
                0x0000000008001ac0       0x28 Drivers/STM32H7xx_HAL_Driver/Src/stm32h7xx_hal_adc.o
 .text.LL_ADC_IsEnabled
                0x0000000008001ae8       0x26 Drivers/STM32H7xx_HAL_Driver/Src/stm32h7xx_hal_adc.o
 .text.LL_ADC_REG_IsConversionOngoing
                0x0000000008001b0e       0x26 Drivers/STM32H7xx_HAL_Driver/Src/stm32h7xx_hal_adc.o
 .text.LL_ADC_INJ_IsConversionOngoing
                0x0000000008001b34       0x26 Drivers/STM32H7xx_HAL_Driver/Src/stm32h7xx_hal_adc.o
 *fill*         0x0000000008001b5a        0x2 
 .text.HAL_ADC_Init
                0x0000000008001b5c      0x340 Drivers/STM32H7xx_HAL_Driver/Src/stm32h7xx_hal_adc.o
                0x0000000008001b5c                HAL_ADC_Init
 .text.HAL_ADC_IRQHandler
                0x0000000008001e9c      0x474 Drivers/STM32H7xx_HAL_Driver/Src/stm32h7xx_hal_adc.o
                0x0000000008001e9c                HAL_ADC_IRQHandler
 .text.HAL_ADC_LevelOutOfWindowCallback
                0x0000000008002310       0x14 Drivers/STM32H7xx_HAL_Driver/Src/stm32h7xx_hal_adc.o
                0x0000000008002310                HAL_ADC_LevelOutOfWindowCallback
 .text.HAL_ADC_ErrorCallback
                0x0000000008002324       0x14 Drivers/STM32H7xx_HAL_Driver/Src/stm32h7xx_hal_adc.o
                0x0000000008002324                HAL_ADC_ErrorCallback
 .text.HAL_ADC_ConfigChannel
                0x0000000008002338      0x6a0 Drivers/STM32H7xx_HAL_Driver/Src/stm32h7xx_hal_adc.o
                0x0000000008002338                HAL_ADC_ConfigChannel
 .text.ADC_ConfigureBoostMode
                0x00000000080029d8      0x214 Drivers/STM32H7xx_HAL_Driver/Src/stm32h7xx_hal_adc.o
                0x00000000080029d8                ADC_ConfigureBoostMode
 .text.LL_ADC_IsEnabled
                0x0000000008002bec       0x26 Drivers/STM32H7xx_HAL_Driver/Src/stm32h7xx_hal_adc_ex.o
 .text.LL_ADC_REG_IsConversionOngoing
                0x0000000008002c12       0x26 Drivers/STM32H7xx_HAL_Driver/Src/stm32h7xx_hal_adc_ex.o
 .text.HAL_ADCEx_InjectedConvCpltCallback
                0x0000000008002c38       0x14 Drivers/STM32H7xx_HAL_Driver/Src/stm32h7xx_hal_adc_ex.o
                0x0000000008002c38                HAL_ADCEx_InjectedConvCpltCallback
 .text.HAL_ADCEx_InjectedQueueOverflowCallback
                0x0000000008002c4c       0x14 Drivers/STM32H7xx_HAL_Driver/Src/stm32h7xx_hal_adc_ex.o
                0x0000000008002c4c                HAL_ADCEx_InjectedQueueOverflowCallback
 .text.HAL_ADCEx_LevelOutOfWindow2Callback
                0x0000000008002c60       0x14 Drivers/STM32H7xx_HAL_Driver/Src/stm32h7xx_hal_adc_ex.o
                0x0000000008002c60                HAL_ADCEx_LevelOutOfWindow2Callback
 .text.HAL_ADCEx_LevelOutOfWindow3Callback
                0x0000000008002c74       0x14 Drivers/STM32H7xx_HAL_Driver/Src/stm32h7xx_hal_adc_ex.o
                0x0000000008002c74                HAL_ADCEx_LevelOutOfWindow3Callback
 .text.HAL_ADCEx_EndOfSamplingCallback
                0x0000000008002c88       0x14 Drivers/STM32H7xx_HAL_Driver/Src/stm32h7xx_hal_adc_ex.o
                0x0000000008002c88                HAL_ADCEx_EndOfSamplingCallback
 .text.HAL_ADCEx_MultiModeConfigChannel
                0x0000000008002c9c      0x1bc Drivers/STM32H7xx_HAL_Driver/Src/stm32h7xx_hal_adc_ex.o
                0x0000000008002c9c                HAL_ADCEx_MultiModeConfigChannel
 .text.__NVIC_SetPriorityGrouping
                0x0000000008002e58       0x48 Drivers/STM32H7xx_HAL_Driver/Src/stm32h7xx_hal_cortex.o
 .text.__NVIC_GetPriorityGrouping
                0x0000000008002ea0       0x1c Drivers/STM32H7xx_HAL_Driver/Src/stm32h7xx_hal_cortex.o
 .text.__NVIC_EnableIRQ
                0x0000000008002ebc       0x3c Drivers/STM32H7xx_HAL_Driver/Src/stm32h7xx_hal_cortex.o
 .text.__NVIC_SetPriority
                0x0000000008002ef8       0x54 Drivers/STM32H7xx_HAL_Driver/Src/stm32h7xx_hal_cortex.o
 .text.NVIC_EncodePriority
                0x0000000008002f4c       0x66 Drivers/STM32H7xx_HAL_Driver/Src/stm32h7xx_hal_cortex.o
 *fill*         0x0000000008002fb2        0x2 
 .text.SysTick_Config
                0x0000000008002fb4       0x44 Drivers/STM32H7xx_HAL_Driver/Src/stm32h7xx_hal_cortex.o
 .text.HAL_NVIC_SetPriorityGrouping
                0x0000000008002ff8       0x16 Drivers/STM32H7xx_HAL_Driver/Src/stm32h7xx_hal_cortex.o
                0x0000000008002ff8                HAL_NVIC_SetPriorityGrouping
 .text.HAL_NVIC_SetPriority
                0x000000000800300e       0x34 Drivers/STM32H7xx_HAL_Driver/Src/stm32h7xx_hal_cortex.o
                0x000000000800300e                HAL_NVIC_SetPriority
 .text.HAL_NVIC_EnableIRQ
                0x0000000008003042       0x1c Drivers/STM32H7xx_HAL_Driver/Src/stm32h7xx_hal_cortex.o
                0x0000000008003042                HAL_NVIC_EnableIRQ
 .text.HAL_SYSTICK_Config
                0x000000000800305e       0x18 Drivers/STM32H7xx_HAL_Driver/Src/stm32h7xx_hal_cortex.o
                0x000000000800305e                HAL_SYSTICK_Config
 *fill*         0x0000000008003076        0x2 
 .text.HAL_DMA_Init
                0x0000000008003078      0x6b8 Drivers/STM32H7xx_HAL_Driver/Src/stm32h7xx_hal_dma.o
                0x0000000008003078                HAL_DMA_Init
 .text.HAL_DMA_IRQHandler
                0x0000000008003730      0xe54 Drivers/STM32H7xx_HAL_Driver/Src/stm32h7xx_hal_dma.o
                0x0000000008003730                HAL_DMA_IRQHandler
 .text.DMA_CalcBaseAndBitshift
                0x0000000008004584      0x164 Drivers/STM32H7xx_HAL_Driver/Src/stm32h7xx_hal_dma.o
 .text.DMA_CheckFifoParam
                0x00000000080046e8       0xf8 Drivers/STM32H7xx_HAL_Driver/Src/stm32h7xx_hal_dma.o
 .text.DMA_CalcDMAMUXChannelBaseAndMask
                0x00000000080047e0      0x134 Drivers/STM32H7xx_HAL_Driver/Src/stm32h7xx_hal_dma.o
 .text.DMA_CalcDMAMUXRequestGenBaseAndMask
                0x0000000008004914       0xe8 Drivers/STM32H7xx_HAL_Driver/Src/stm32h7xx_hal_dma.o
 .text.HAL_GPIO_Init
                0x00000000080049fc      0x360 Drivers/STM32H7xx_HAL_Driver/Src/stm32h7xx_hal_gpio.o
                0x00000000080049fc                HAL_GPIO_Init
 .text.HAL_GPIO_ReadPin
                0x0000000008004d5c       0x30 Drivers/STM32H7xx_HAL_Driver/Src/stm32h7xx_hal_gpio.o
                0x0000000008004d5c                HAL_GPIO_ReadPin
 .text.HAL_GPIO_WritePin
                0x0000000008004d8c       0x32 Drivers/STM32H7xx_HAL_Driver/Src/stm32h7xx_hal_gpio.o
                0x0000000008004d8c                HAL_GPIO_WritePin
 .text.HAL_GPIO_EXTI_IRQHandler
                0x0000000008004dbe       0x34 Drivers/STM32H7xx_HAL_Driver/Src/stm32h7xx_hal_gpio.o
                0x0000000008004dbe                HAL_GPIO_EXTI_IRQHandler
 .text.HAL_PCD_Init
                0x0000000008004df2      0x248 Drivers/STM32H7xx_HAL_Driver/Src/stm32h7xx_hal_pcd.o
                0x0000000008004df2                HAL_PCD_Init
 .text.HAL_PCD_Start
                0x000000000800503a       0x66 Drivers/STM32H7xx_HAL_Driver/Src/stm32h7xx_hal_pcd.o
                0x000000000800503a                HAL_PCD_Start
 .text.HAL_PCD_IRQHandler
                0x00000000080050a0      0x7be Drivers/STM32H7xx_HAL_Driver/Src/stm32h7xx_hal_pcd.o
                0x00000000080050a0                HAL_PCD_IRQHandler
 .text.HAL_PCD_SetAddress
                0x000000000800585e       0x4a Drivers/STM32H7xx_HAL_Driver/Src/stm32h7xx_hal_pcd.o
                0x000000000800585e                HAL_PCD_SetAddress
 .text.HAL_PCD_EP_Open
                0x00000000080058a8       0xd0 Drivers/STM32H7xx_HAL_Driver/Src/stm32h7xx_hal_pcd.o
                0x00000000080058a8                HAL_PCD_EP_Open
 .text.HAL_PCD_EP_Close
                0x0000000008005978       0x94 Drivers/STM32H7xx_HAL_Driver/Src/stm32h7xx_hal_pcd.o
                0x0000000008005978                HAL_PCD_EP_Close
 .text.HAL_PCD_EP_Receive
                0x0000000008005a0c       0x96 Drivers/STM32H7xx_HAL_Driver/Src/stm32h7xx_hal_pcd.o
                0x0000000008005a0c                HAL_PCD_EP_Receive
 .text.HAL_PCD_EP_GetRxCount
                0x0000000008005aa2       0x30 Drivers/STM32H7xx_HAL_Driver/Src/stm32h7xx_hal_pcd.o
                0x0000000008005aa2                HAL_PCD_EP_GetRxCount
 .text.HAL_PCD_EP_Transmit
                0x0000000008005ad2       0x94 Drivers/STM32H7xx_HAL_Driver/Src/stm32h7xx_hal_pcd.o
                0x0000000008005ad2                HAL_PCD_EP_Transmit
 .text.HAL_PCD_EP_SetStall
                0x0000000008005b66       0xc8 Drivers/STM32H7xx_HAL_Driver/Src/stm32h7xx_hal_pcd.o
                0x0000000008005b66                HAL_PCD_EP_SetStall
 .text.HAL_PCD_EP_ClrStall
                0x0000000008005c2e       0xac Drivers/STM32H7xx_HAL_Driver/Src/stm32h7xx_hal_pcd.o
                0x0000000008005c2e                HAL_PCD_EP_ClrStall
 .text.PCD_WriteEmptyTxFifo
                0x0000000008005cda      0x11a Drivers/STM32H7xx_HAL_Driver/Src/stm32h7xx_hal_pcd.o
 .text.PCD_EP_OutXfrComplete_int
                0x0000000008005df4      0x218 Drivers/STM32H7xx_HAL_Driver/Src/stm32h7xx_hal_pcd.o
 .text.PCD_EP_OutSetupPacket_int
                0x000000000800600c       0x8c Drivers/STM32H7xx_HAL_Driver/Src/stm32h7xx_hal_pcd.o
 .text.HAL_PCDEx_SetTxFiFo
                0x0000000008006098       0x8e Drivers/STM32H7xx_HAL_Driver/Src/stm32h7xx_hal_pcd_ex.o
                0x0000000008006098                HAL_PCDEx_SetTxFiFo
 .text.HAL_PCDEx_SetRxFiFo
                0x0000000008006126       0x22 Drivers/STM32H7xx_HAL_Driver/Src/stm32h7xx_hal_pcd_ex.o
                0x0000000008006126                HAL_PCDEx_SetRxFiFo
 .text.HAL_PCDEx_ActivateLPM
                0x0000000008006148       0x48 Drivers/STM32H7xx_HAL_Driver/Src/stm32h7xx_hal_pcd_ex.o
                0x0000000008006148                HAL_PCDEx_ActivateLPM
 .text.HAL_PCDEx_LPM_Callback
                0x0000000008006190       0x18 Drivers/STM32H7xx_HAL_Driver/Src/stm32h7xx_hal_pcd_ex.o
                0x0000000008006190                HAL_PCDEx_LPM_Callback
 .text.HAL_PWREx_ConfigSupply
                0x00000000080061a8       0x74 Drivers/STM32H7xx_HAL_Driver/Src/stm32h7xx_hal_pwr_ex.o
                0x00000000080061a8                HAL_PWREx_ConfigSupply
 .text.HAL_PWREx_EnableUSBVoltageDetector
                0x000000000800621c       0x20 Drivers/STM32H7xx_HAL_Driver/Src/stm32h7xx_hal_pwr_ex.o
                0x000000000800621c                HAL_PWREx_EnableUSBVoltageDetector
 .text.HAL_RCC_OscConfig
                0x000000000800623c      0x820 Drivers/STM32H7xx_HAL_Driver/Src/stm32h7xx_hal_rcc.o
                0x000000000800623c                HAL_RCC_OscConfig
 .text.HAL_RCC_ClockConfig
                0x0000000008006a5c      0x36c Drivers/STM32H7xx_HAL_Driver/Src/stm32h7xx_hal_rcc.o
                0x0000000008006a5c                HAL_RCC_ClockConfig
 .text.HAL_RCC_GetSysClockFreq
                0x0000000008006dc8      0x2f4 Drivers/STM32H7xx_HAL_Driver/Src/stm32h7xx_hal_rcc.o
                0x0000000008006dc8                HAL_RCC_GetSysClockFreq
 .text.HAL_RCC_GetHCLKFreq
                0x00000000080070bc       0x60 Drivers/STM32H7xx_HAL_Driver/Src/stm32h7xx_hal_rcc.o
                0x00000000080070bc                HAL_RCC_GetHCLKFreq
 .text.HAL_RCC_GetPCLK1Freq
                0x000000000800711c       0x2c Drivers/STM32H7xx_HAL_Driver/Src/stm32h7xx_hal_rcc.o
                0x000000000800711c                HAL_RCC_GetPCLK1Freq
 .text.HAL_RCC_GetPCLK2Freq
                0x0000000008007148       0x2c Drivers/STM32H7xx_HAL_Driver/Src/stm32h7xx_hal_rcc.o
                0x0000000008007148                HAL_RCC_GetPCLK2Freq
 .text.HAL_RCCEx_PeriphCLKConfig
                0x0000000008007174      0xe80 Drivers/STM32H7xx_HAL_Driver/Src/stm32h7xx_hal_rcc_ex.o
                0x0000000008007174                HAL_RCCEx_PeriphCLKConfig
 .text.HAL_RCCEx_GetPeriphCLKFreq
                0x0000000008007ff4      0x9a4 Drivers/STM32H7xx_HAL_Driver/Src/stm32h7xx_hal_rcc_ex.o
                0x0000000008007ff4                HAL_RCCEx_GetPeriphCLKFreq
 .text.HAL_RCCEx_GetD3PCLK1Freq
                0x0000000008008998       0x2c Drivers/STM32H7xx_HAL_Driver/Src/stm32h7xx_hal_rcc_ex.o
                0x0000000008008998                HAL_RCCEx_GetD3PCLK1Freq
 .text.HAL_RCCEx_GetPLL2ClockFreq
                0x00000000080089c4      0x2a8 Drivers/STM32H7xx_HAL_Driver/Src/stm32h7xx_hal_rcc_ex.o
                0x00000000080089c4                HAL_RCCEx_GetPLL2ClockFreq
 .text.HAL_RCCEx_GetPLL3ClockFreq
                0x0000000008008c6c      0x2a8 Drivers/STM32H7xx_HAL_Driver/Src/stm32h7xx_hal_rcc_ex.o
                0x0000000008008c6c                HAL_RCCEx_GetPLL3ClockFreq
 .text.HAL_RCCEx_GetPLL1ClockFreq
                0x0000000008008f14      0x2a4 Drivers/STM32H7xx_HAL_Driver/Src/stm32h7xx_hal_rcc_ex.o
                0x0000000008008f14                HAL_RCCEx_GetPLL1ClockFreq
 .text.RCCEx_PLL2_Config
                0x00000000080091b8      0x164 Drivers/STM32H7xx_HAL_Driver/Src/stm32h7xx_hal_rcc_ex.o
 .text.RCCEx_PLL3_Config
                0x000000000800931c      0x164 Drivers/STM32H7xx_HAL_Driver/Src/stm32h7xx_hal_rcc_ex.o
 .text.HAL_SD_Init
                0x0000000008009480      0x114 Drivers/STM32H7xx_HAL_Driver/Src/stm32h7xx_hal_sd.o
                0x0000000008009480                HAL_SD_Init
 .text.HAL_SD_InitCard
                0x0000000008009594      0x144 Drivers/STM32H7xx_HAL_Driver/Src/stm32h7xx_hal_sd.o
                0x0000000008009594                HAL_SD_InitCard
 .text.HAL_SD_ReadBlocks
                0x00000000080096d8      0x314 Drivers/STM32H7xx_HAL_Driver/Src/stm32h7xx_hal_sd.o
                0x00000000080096d8                HAL_SD_ReadBlocks
 .text.HAL_SD_WriteBlocks
                0x00000000080099ec      0x31c Drivers/STM32H7xx_HAL_Driver/Src/stm32h7xx_hal_sd.o
                0x00000000080099ec                HAL_SD_WriteBlocks
 .text.HAL_SD_DriveTransceiver_1_8V_Callback
                0x0000000008009d08       0x16 Drivers/STM32H7xx_HAL_Driver/Src/stm32h7xx_hal_sd.o
                0x0000000008009d08                HAL_SD_DriveTransceiver_1_8V_Callback
 *fill*         0x0000000008009d1e        0x2 
 .text.HAL_SD_GetCardCSD
                0x0000000008009d20      0x348 Drivers/STM32H7xx_HAL_Driver/Src/stm32h7xx_hal_sd.o
                0x0000000008009d20                HAL_SD_GetCardCSD
 .text.HAL_SD_GetCardStatus
                0x000000000800a068      0x16c Drivers/STM32H7xx_HAL_Driver/Src/stm32h7xx_hal_sd.o
                0x000000000800a068                HAL_SD_GetCardStatus
 .text.HAL_SD_GetCardInfo
                0x000000000800a1d4       0x58 Drivers/STM32H7xx_HAL_Driver/Src/stm32h7xx_hal_sd.o
                0x000000000800a1d4                HAL_SD_GetCardInfo
 .text.HAL_SD_ConfigWideBusOperation
                0x000000000800a22c      0x228 Drivers/STM32H7xx_HAL_Driver/Src/stm32h7xx_hal_sd.o
                0x000000000800a22c                HAL_SD_ConfigWideBusOperation
 .text.HAL_SD_GetCardState
                0x000000000800a454       0x40 Drivers/STM32H7xx_HAL_Driver/Src/stm32h7xx_hal_sd.o
                0x000000000800a454                HAL_SD_GetCardState
 .text.SD_InitCard
                0x000000000800a494      0x176 Drivers/STM32H7xx_HAL_Driver/Src/stm32h7xx_hal_sd.o
 *fill*         0x000000000800a60a        0x2 
 .text.SD_PowerON
                0x000000000800a60c      0x210 Drivers/STM32H7xx_HAL_Driver/Src/stm32h7xx_hal_sd.o
 .text.SD_SendSDStatus
                0x000000000800a81c      0x1a0 Drivers/STM32H7xx_HAL_Driver/Src/stm32h7xx_hal_sd.o
 .text.SD_SendStatus
                0x000000000800a9bc       0x50 Drivers/STM32H7xx_HAL_Driver/Src/stm32h7xx_hal_sd.o
 .text.SD_WideBus_Enable
                0x000000000800aa0c       0x96 Drivers/STM32H7xx_HAL_Driver/Src/stm32h7xx_hal_sd.o
 .text.SD_WideBus_Disable
                0x000000000800aaa2       0x96 Drivers/STM32H7xx_HAL_Driver/Src/stm32h7xx_hal_sd.o
 .text.SD_FindSCR
                0x000000000800ab38      0x1a0 Drivers/STM32H7xx_HAL_Driver/Src/stm32h7xx_hal_sd.o
 .text.HAL_TIM_Base_Init
                0x000000000800acd8       0xae Drivers/STM32H7xx_HAL_Driver/Src/stm32h7xx_hal_tim.o
                0x000000000800acd8                HAL_TIM_Base_Init
 .text.HAL_TIM_IRQHandler
                0x000000000800ad86      0x23e Drivers/STM32H7xx_HAL_Driver/Src/stm32h7xx_hal_tim.o
                0x000000000800ad86                HAL_TIM_IRQHandler
 .text.HAL_TIM_ConfigClockSource
                0x000000000800afc4      0x1e8 Drivers/STM32H7xx_HAL_Driver/Src/stm32h7xx_hal_tim.o
                0x000000000800afc4                HAL_TIM_ConfigClockSource
 .text.HAL_TIM_OC_DelayElapsedCallback
                0x000000000800b1ac       0x14 Drivers/STM32H7xx_HAL_Driver/Src/stm32h7xx_hal_tim.o
                0x000000000800b1ac                HAL_TIM_OC_DelayElapsedCallback
 .text.HAL_TIM_IC_CaptureCallback
                0x000000000800b1c0       0x14 Drivers/STM32H7xx_HAL_Driver/Src/stm32h7xx_hal_tim.o
                0x000000000800b1c0                HAL_TIM_IC_CaptureCallback
 .text.HAL_TIM_PWM_PulseFinishedCallback
                0x000000000800b1d4       0x14 Drivers/STM32H7xx_HAL_Driver/Src/stm32h7xx_hal_tim.o
                0x000000000800b1d4                HAL_TIM_PWM_PulseFinishedCallback
 .text.HAL_TIM_TriggerCallback
                0x000000000800b1e8       0x14 Drivers/STM32H7xx_HAL_Driver/Src/stm32h7xx_hal_tim.o
                0x000000000800b1e8                HAL_TIM_TriggerCallback
 .text.TIM_Base_SetConfig
                0x000000000800b1fc      0x134 Drivers/STM32H7xx_HAL_Driver/Src/stm32h7xx_hal_tim.o
                0x000000000800b1fc                TIM_Base_SetConfig
 .text.TIM_TI1_ConfigInputStage
                0x000000000800b330       0x5e Drivers/STM32H7xx_HAL_Driver/Src/stm32h7xx_hal_tim.o
 .text.TIM_TI2_ConfigInputStage
                0x000000000800b38e       0x60 Drivers/STM32H7xx_HAL_Driver/Src/stm32h7xx_hal_tim.o
 *fill*         0x000000000800b3ee        0x2 
 .text.TIM_ITRx_SetConfig
                0x000000000800b3f0       0x3c Drivers/STM32H7xx_HAL_Driver/Src/stm32h7xx_hal_tim.o
 .text.TIM_ETR_SetConfig
                0x000000000800b42c       0x40 Drivers/STM32H7xx_HAL_Driver/Src/stm32h7xx_hal_tim.o
                0x000000000800b42c                TIM_ETR_SetConfig
 .text.HAL_TIMEx_MasterConfigSynchronization
                0x000000000800b46c      0x110 Drivers/STM32H7xx_HAL_Driver/Src/stm32h7xx_hal_tim_ex.o
                0x000000000800b46c                HAL_TIMEx_MasterConfigSynchronization
 .text.HAL_TIMEx_CommutCallback
                0x000000000800b57c       0x14 Drivers/STM32H7xx_HAL_Driver/Src/stm32h7xx_hal_tim_ex.o
                0x000000000800b57c                HAL_TIMEx_CommutCallback
 .text.HAL_TIMEx_BreakCallback
                0x000000000800b590       0x14 Drivers/STM32H7xx_HAL_Driver/Src/stm32h7xx_hal_tim_ex.o
                0x000000000800b590                HAL_TIMEx_BreakCallback
 .text.HAL_TIMEx_Break2Callback
                0x000000000800b5a4       0x14 Drivers/STM32H7xx_HAL_Driver/Src/stm32h7xx_hal_tim_ex.o
                0x000000000800b5a4                HAL_TIMEx_Break2Callback
 .text.HAL_UART_Init
                0x000000000800b5b8       0xa0 Drivers/STM32H7xx_HAL_Driver/Src/stm32h7xx_hal_uart.o
                0x000000000800b5b8                HAL_UART_Init
 .text.UART_SetConfig
                0x000000000800b658      0xac0 Drivers/STM32H7xx_HAL_Driver/Src/stm32h7xx_hal_uart.o
                0x000000000800b658                UART_SetConfig
 .text.UART_AdvFeatureConfig
                0x000000000800c118      0x144 Drivers/STM32H7xx_HAL_Driver/Src/stm32h7xx_hal_uart.o
                0x000000000800c118                UART_AdvFeatureConfig
 .text.UART_CheckIdleState
                0x000000000800c25c       0x96 Drivers/STM32H7xx_HAL_Driver/Src/stm32h7xx_hal_uart.o
                0x000000000800c25c                UART_CheckIdleState
 .text.UART_WaitOnFlagUntilTimeout
                0x000000000800c2f2      0x100 Drivers/STM32H7xx_HAL_Driver/Src/stm32h7xx_hal_uart.o
                0x000000000800c2f2                UART_WaitOnFlagUntilTimeout
 .text.HAL_UARTEx_DisableFifoMode
                0x000000000800c3f2       0x72 Drivers/STM32H7xx_HAL_Driver/Src/stm32h7xx_hal_uart_ex.o
                0x000000000800c3f2                HAL_UARTEx_DisableFifoMode
 .text.HAL_UARTEx_SetTxFifoThreshold
                0x000000000800c464       0x7c Drivers/STM32H7xx_HAL_Driver/Src/stm32h7xx_hal_uart_ex.o
                0x000000000800c464                HAL_UARTEx_SetTxFifoThreshold
 .text.HAL_UARTEx_SetRxFifoThreshold
                0x000000000800c4e0       0x7c Drivers/STM32H7xx_HAL_Driver/Src/stm32h7xx_hal_uart_ex.o
                0x000000000800c4e0                HAL_UARTEx_SetRxFifoThreshold
 .text.UARTEx_SetNbDataToProcess
                0x000000000800c55c       0x9c Drivers/STM32H7xx_HAL_Driver/Src/stm32h7xx_hal_uart_ex.o
 .text.SDMMC_Init
                0x000000000800c5f8       0x54 Drivers/STM32H7xx_HAL_Driver/Src/stm32h7xx_ll_sdmmc.o
                0x000000000800c5f8                SDMMC_Init
 .text.SDMMC_ReadFIFO
                0x000000000800c64c       0x1a Drivers/STM32H7xx_HAL_Driver/Src/stm32h7xx_ll_sdmmc.o
                0x000000000800c64c                SDMMC_ReadFIFO
 .text.SDMMC_WriteFIFO
                0x000000000800c666       0x22 Drivers/STM32H7xx_HAL_Driver/Src/stm32h7xx_ll_sdmmc.o
                0x000000000800c666                SDMMC_WriteFIFO
 .text.SDMMC_PowerState_ON
                0x000000000800c688       0x22 Drivers/STM32H7xx_HAL_Driver/Src/stm32h7xx_ll_sdmmc.o
                0x000000000800c688                SDMMC_PowerState_ON
 .text.SDMMC_GetPowerState
                0x000000000800c6aa       0x1c Drivers/STM32H7xx_HAL_Driver/Src/stm32h7xx_ll_sdmmc.o
                0x000000000800c6aa                SDMMC_GetPowerState
 *fill*         0x000000000800c6c6        0x2 
 .text.SDMMC_SendCommand
                0x000000000800c6c8       0x54 Drivers/STM32H7xx_HAL_Driver/Src/stm32h7xx_ll_sdmmc.o
                0x000000000800c6c8                SDMMC_SendCommand
 .text.SDMMC_GetCommandResponse
                0x000000000800c71c       0x1a Drivers/STM32H7xx_HAL_Driver/Src/stm32h7xx_ll_sdmmc.o
                0x000000000800c71c                SDMMC_GetCommandResponse
 .text.SDMMC_GetResponse
                0x000000000800c736       0x26 Drivers/STM32H7xx_HAL_Driver/Src/stm32h7xx_ll_sdmmc.o
                0x000000000800c736                SDMMC_GetResponse
 .text.SDMMC_ConfigData
                0x000000000800c75c       0x58 Drivers/STM32H7xx_HAL_Driver/Src/stm32h7xx_ll_sdmmc.o
                0x000000000800c75c                SDMMC_ConfigData
 .text.SDMMC_CmdBlockLength
                0x000000000800c7b4       0x46 Drivers/STM32H7xx_HAL_Driver/Src/stm32h7xx_ll_sdmmc.o
                0x000000000800c7b4                SDMMC_CmdBlockLength
 .text.SDMMC_CmdReadSingleBlock
                0x000000000800c7fa       0x46 Drivers/STM32H7xx_HAL_Driver/Src/stm32h7xx_ll_sdmmc.o
                0x000000000800c7fa                SDMMC_CmdReadSingleBlock
 .text.SDMMC_CmdReadMultiBlock
                0x000000000800c840       0x46 Drivers/STM32H7xx_HAL_Driver/Src/stm32h7xx_ll_sdmmc.o
                0x000000000800c840                SDMMC_CmdReadMultiBlock
 .text.SDMMC_CmdWriteSingleBlock
                0x000000000800c886       0x46 Drivers/STM32H7xx_HAL_Driver/Src/stm32h7xx_ll_sdmmc.o
                0x000000000800c886                SDMMC_CmdWriteSingleBlock
 .text.SDMMC_CmdWriteMultiBlock
                0x000000000800c8cc       0x46 Drivers/STM32H7xx_HAL_Driver/Src/stm32h7xx_ll_sdmmc.o
                0x000000000800c8cc                SDMMC_CmdWriteMultiBlock
 *fill*         0x000000000800c912        0x2 
 .text.SDMMC_CmdStopTransfer
                0x000000000800c914       0x78 Drivers/STM32H7xx_HAL_Driver/Src/stm32h7xx_ll_sdmmc.o
                0x000000000800c914                SDMMC_CmdStopTransfer
 .text.SDMMC_CmdSelDesel
                0x000000000800c98c       0x46 Drivers/STM32H7xx_HAL_Driver/Src/stm32h7xx_ll_sdmmc.o
                0x000000000800c98c                SDMMC_CmdSelDesel
 .text.SDMMC_CmdGoIdleState
                0x000000000800c9d2       0x3c Drivers/STM32H7xx_HAL_Driver/Src/stm32h7xx_ll_sdmmc.o
                0x000000000800c9d2                SDMMC_CmdGoIdleState
 .text.SDMMC_CmdOperCond
                0x000000000800ca0e       0x40 Drivers/STM32H7xx_HAL_Driver/Src/stm32h7xx_ll_sdmmc.o
                0x000000000800ca0e                SDMMC_CmdOperCond
 .text.SDMMC_CmdAppCommand
                0x000000000800ca4e       0x46 Drivers/STM32H7xx_HAL_Driver/Src/stm32h7xx_ll_sdmmc.o
                0x000000000800ca4e                SDMMC_CmdAppCommand
 .text.SDMMC_CmdAppOperCommand
                0x000000000800ca94       0x40 Drivers/STM32H7xx_HAL_Driver/Src/stm32h7xx_ll_sdmmc.o
                0x000000000800ca94                SDMMC_CmdAppOperCommand
 .text.SDMMC_CmdBusWidth
                0x000000000800cad4       0x46 Drivers/STM32H7xx_HAL_Driver/Src/stm32h7xx_ll_sdmmc.o
                0x000000000800cad4                SDMMC_CmdBusWidth
 .text.SDMMC_CmdSendSCR
                0x000000000800cb1a       0x44 Drivers/STM32H7xx_HAL_Driver/Src/stm32h7xx_ll_sdmmc.o
                0x000000000800cb1a                SDMMC_CmdSendSCR
 .text.SDMMC_CmdSendCID
                0x000000000800cb5e       0x3e Drivers/STM32H7xx_HAL_Driver/Src/stm32h7xx_ll_sdmmc.o
                0x000000000800cb5e                SDMMC_CmdSendCID
 .text.SDMMC_CmdSendCSD
                0x000000000800cb9c       0x40 Drivers/STM32H7xx_HAL_Driver/Src/stm32h7xx_ll_sdmmc.o
                0x000000000800cb9c                SDMMC_CmdSendCSD
 .text.SDMMC_CmdSetRelAdd
                0x000000000800cbdc       0x44 Drivers/STM32H7xx_HAL_Driver/Src/stm32h7xx_ll_sdmmc.o
                0x000000000800cbdc                SDMMC_CmdSetRelAdd
 .text.SDMMC_CmdSendStatus
                0x000000000800cc20       0x46 Drivers/STM32H7xx_HAL_Driver/Src/stm32h7xx_ll_sdmmc.o
                0x000000000800cc20                SDMMC_CmdSendStatus
 .text.SDMMC_CmdStatusRegister
                0x000000000800cc66       0x44 Drivers/STM32H7xx_HAL_Driver/Src/stm32h7xx_ll_sdmmc.o
                0x000000000800cc66                SDMMC_CmdStatusRegister
 .text.SDMMC_CmdVoltageSwitch
                0x000000000800ccaa       0x44 Drivers/STM32H7xx_HAL_Driver/Src/stm32h7xx_ll_sdmmc.o
                0x000000000800ccaa                SDMMC_CmdVoltageSwitch
 *fill*         0x000000000800ccee        0x2 
 .text.SDMMC_GetCmdResp1
                0x000000000800ccf0      0x1e4 Drivers/STM32H7xx_HAL_Driver/Src/stm32h7xx_ll_sdmmc.o
                0x000000000800ccf0                SDMMC_GetCmdResp1
 .text.SDMMC_GetCmdResp2
                0x000000000800ced4       0x94 Drivers/STM32H7xx_HAL_Driver/Src/stm32h7xx_ll_sdmmc.o
                0x000000000800ced4                SDMMC_GetCmdResp2
 .text.SDMMC_GetCmdResp3
                0x000000000800cf68       0x80 Drivers/STM32H7xx_HAL_Driver/Src/stm32h7xx_ll_sdmmc.o
                0x000000000800cf68                SDMMC_GetCmdResp3
 .text.SDMMC_GetCmdResp6
                0x000000000800cfe8       0xf0 Drivers/STM32H7xx_HAL_Driver/Src/stm32h7xx_ll_sdmmc.o
                0x000000000800cfe8                SDMMC_GetCmdResp6
 .text.SDMMC_GetCmdResp7
                0x000000000800d0d8       0x9c Drivers/STM32H7xx_HAL_Driver/Src/stm32h7xx_ll_sdmmc.o
                0x000000000800d0d8                SDMMC_GetCmdResp7
 .text.SDMMC_GetCmdError
                0x000000000800d174       0x5c Drivers/STM32H7xx_HAL_Driver/Src/stm32h7xx_ll_sdmmc.o
 .text.USB_CoreInit
                0x000000000800d1d0       0xdc Drivers/STM32H7xx_HAL_Driver/Src/stm32h7xx_ll_usb.o
                0x000000000800d1d0                USB_CoreInit
 .text.USB_SetTurnaroundTime
                0x000000000800d2ac      0x144 Drivers/STM32H7xx_HAL_Driver/Src/stm32h7xx_ll_usb.o
                0x000000000800d2ac                USB_SetTurnaroundTime
 .text.USB_EnableGlobalInt
                0x000000000800d3f0       0x22 Drivers/STM32H7xx_HAL_Driver/Src/stm32h7xx_ll_usb.o
                0x000000000800d3f0                USB_EnableGlobalInt
 .text.USB_DisableGlobalInt
                0x000000000800d412       0x22 Drivers/STM32H7xx_HAL_Driver/Src/stm32h7xx_ll_usb.o
                0x000000000800d412                USB_DisableGlobalInt
 .text.USB_SetCurrentMode
                0x000000000800d434       0x54 Drivers/STM32H7xx_HAL_Driver/Src/stm32h7xx_ll_usb.o
                0x000000000800d434                USB_SetCurrentMode
 .text.USB_DevInit
                0x000000000800d488      0x2bc Drivers/STM32H7xx_HAL_Driver/Src/stm32h7xx_ll_usb.o
                0x000000000800d488                USB_DevInit
 .text.USB_FlushTxFifo
                0x000000000800d744       0x4c Drivers/STM32H7xx_HAL_Driver/Src/stm32h7xx_ll_usb.o
                0x000000000800d744                USB_FlushTxFifo
 .text.USB_FlushRxFifo
                0x000000000800d790       0x44 Drivers/STM32H7xx_HAL_Driver/Src/stm32h7xx_ll_usb.o
                0x000000000800d790                USB_FlushRxFifo
 .text.USB_SetDevSpeed
                0x000000000800d7d4       0x32 Drivers/STM32H7xx_HAL_Driver/Src/stm32h7xx_ll_usb.o
                0x000000000800d7d4                USB_SetDevSpeed
 .text.USB_GetDevSpeed
                0x000000000800d806       0x4a Drivers/STM32H7xx_HAL_Driver/Src/stm32h7xx_ll_usb.o
                0x000000000800d806                USB_GetDevSpeed
 .text.USB_ActivateEndpoint
                0x000000000800d850      0x110 Drivers/STM32H7xx_HAL_Driver/Src/stm32h7xx_ll_usb.o
                0x000000000800d850                USB_ActivateEndpoint
 .text.USB_DeactivateEndpoint
                0x000000000800d960      0x1b8 Drivers/STM32H7xx_HAL_Driver/Src/stm32h7xx_ll_usb.o
                0x000000000800d960                USB_DeactivateEndpoint
 .text.USB_EPStartXfer
                0x000000000800db18      0x498 Drivers/STM32H7xx_HAL_Driver/Src/stm32h7xx_ll_usb.o
                0x000000000800db18                USB_EPStartXfer
 .text.USB_EP0StartXfer
                0x000000000800dfb0      0x2b0 Drivers/STM32H7xx_HAL_Driver/Src/stm32h7xx_ll_usb.o
                0x000000000800dfb0                USB_EP0StartXfer
 .text.USB_WritePacket
                0x000000000800e260       0x7c Drivers/STM32H7xx_HAL_Driver/Src/stm32h7xx_ll_usb.o
                0x000000000800e260                USB_WritePacket
 .text.USB_ReadPacket
                0x000000000800e2dc       0xb0 Drivers/STM32H7xx_HAL_Driver/Src/stm32h7xx_ll_usb.o
                0x000000000800e2dc                USB_ReadPacket
 .text.USB_EPSetStall
                0x000000000800e38c       0xdc Drivers/STM32H7xx_HAL_Driver/Src/stm32h7xx_ll_usb.o
                0x000000000800e38c                USB_EPSetStall
 .text.USB_EPClearStall
                0x000000000800e468       0xcc Drivers/STM32H7xx_HAL_Driver/Src/stm32h7xx_ll_usb.o
                0x000000000800e468                USB_EPClearStall
 .text.USB_SetDevAddress
                0x000000000800e534       0x4c Drivers/STM32H7xx_HAL_Driver/Src/stm32h7xx_ll_usb.o
                0x000000000800e534                USB_SetDevAddress
 .text.USB_DevConnect
                0x000000000800e580       0x42 Drivers/STM32H7xx_HAL_Driver/Src/stm32h7xx_ll_usb.o
                0x000000000800e580                USB_DevConnect
 .text.USB_DevDisconnect
                0x000000000800e5c2       0x42 Drivers/STM32H7xx_HAL_Driver/Src/stm32h7xx_ll_usb.o
                0x000000000800e5c2                USB_DevDisconnect
 .text.USB_ReadInterrupts
                0x000000000800e604       0x26 Drivers/STM32H7xx_HAL_Driver/Src/stm32h7xx_ll_usb.o
                0x000000000800e604                USB_ReadInterrupts
 .text.USB_ReadDevAllOutEpInterrupt
                0x000000000800e62a       0x34 Drivers/STM32H7xx_HAL_Driver/Src/stm32h7xx_ll_usb.o
                0x000000000800e62a                USB_ReadDevAllOutEpInterrupt
 .text.USB_ReadDevAllInEpInterrupt
                0x000000000800e65e       0x34 Drivers/STM32H7xx_HAL_Driver/Src/stm32h7xx_ll_usb.o
                0x000000000800e65e                USB_ReadDevAllInEpInterrupt
 .text.USB_ReadDevOutEPInterrupt
                0x000000000800e692       0x3c Drivers/STM32H7xx_HAL_Driver/Src/stm32h7xx_ll_usb.o
                0x000000000800e692                USB_ReadDevOutEPInterrupt
 .text.USB_ReadDevInEPInterrupt
                0x000000000800e6ce       0x5c Drivers/STM32H7xx_HAL_Driver/Src/stm32h7xx_ll_usb.o
                0x000000000800e6ce                USB_ReadDevInEPInterrupt
 .text.USB_GetMode
                0x000000000800e72a       0x1c Drivers/STM32H7xx_HAL_Driver/Src/stm32h7xx_ll_usb.o
                0x000000000800e72a                USB_GetMode
 *fill*         0x000000000800e746        0x2 
 .text.USB_ActivateSetup
                0x000000000800e748       0x48 Drivers/STM32H7xx_HAL_Driver/Src/stm32h7xx_ll_usb.o
                0x000000000800e748                USB_ActivateSetup
 .text.USB_EP0_OutStart
                0x000000000800e790       0xbc Drivers/STM32H7xx_HAL_Driver/Src/stm32h7xx_ll_usb.o
                0x000000000800e790                USB_EP0_OutStart
 .text.USB_CoreReset
                0x000000000800e84c       0x68 Drivers/STM32H7xx_HAL_Driver/Src/stm32h7xx_ll_usb.o
 .text.MX_FATFS_Init
                0x000000000800e8b4       0x24 FATFS/App/fatfs.o
                0x000000000800e8b4                MX_FATFS_Init
 .text.BSP_SD_Init
                0x000000000800e8d8       0x4c FATFS/Target/bsp_driver_sd.o
                0x000000000800e8d8                BSP_SD_Init
 .text.BSP_SD_ReadBlocks
                0x000000000800e924       0x3c FATFS/Target/bsp_driver_sd.o
                0x000000000800e924                BSP_SD_ReadBlocks
 .text.BSP_SD_WriteBlocks
                0x000000000800e960       0x3c FATFS/Target/bsp_driver_sd.o
                0x000000000800e960                BSP_SD_WriteBlocks
 .text.BSP_SD_GetCardState
                0x000000000800e99c       0x20 FATFS/Target/bsp_driver_sd.o
                0x000000000800e99c                BSP_SD_GetCardState
 .text.BSP_SD_GetCardInfo
                0x000000000800e9bc       0x1c FATFS/Target/bsp_driver_sd.o
                0x000000000800e9bc                BSP_SD_GetCardInfo
 .text.BSP_SD_IsDetected
                0x000000000800e9d8       0x24 FATFS/Target/bsp_driver_sd.o
                0x000000000800e9d8                BSP_SD_IsDetected
 .text.BSP_PlatformIsDetected
                0x000000000800e9fc       0x2c FATFS/Target/fatfs_platform.o
                0x000000000800e9fc                BSP_PlatformIsDetected
 .text.SD_CheckStatus
                0x000000000800ea28       0x3c FATFS/Target/sd_diskio.o
 .text.SD_initialize
                0x000000000800ea64       0x3c FATFS/Target/sd_diskio.o
                0x000000000800ea64                SD_initialize
 .text.SD_status
                0x000000000800eaa0       0x1c FATFS/Target/sd_diskio.o
                0x000000000800eaa0                SD_status
 .text.SD_read  0x000000000800eabc       0x42 FATFS/Target/sd_diskio.o
                0x000000000800eabc                SD_read
 .text.SD_write
                0x000000000800eafe       0x42 FATFS/Target/sd_diskio.o
                0x000000000800eafe                SD_write
 .text.SD_ioctl
                0x000000000800eb40       0xb0 FATFS/Target/sd_diskio.o
                0x000000000800eb40                SD_ioctl
 .text.USBD_CDC_Init
                0x000000000800ebf0       0xfe Middlewares/ST/STM32_USB_Device_Library/Class/CDC/Src/usbd_cdc.o
 .text.USBD_CDC_DeInit
                0x000000000800ecee       0x74 Middlewares/ST/STM32_USB_Device_Library/Class/CDC/Src/usbd_cdc.o
 *fill*         0x000000000800ed62        0x2 
 .text.USBD_CDC_Setup
                0x000000000800ed64      0x190 Middlewares/ST/STM32_USB_Device_Library/Class/CDC/Src/usbd_cdc.o
 .text.USBD_CDC_DataIn
                0x000000000800eef4       0xca Middlewares/ST/STM32_USB_Device_Library/Class/CDC/Src/usbd_cdc.o
 .text.USBD_CDC_DataOut
                0x000000000800efbe       0x56 Middlewares/ST/STM32_USB_Device_Library/Class/CDC/Src/usbd_cdc.o
 .text.USBD_CDC_EP0_RxReady
                0x000000000800f014       0x5a Middlewares/ST/STM32_USB_Device_Library/Class/CDC/Src/usbd_cdc.o
 *fill*         0x000000000800f06e        0x2 
 .text.USBD_CDC_GetFSCfgDesc
                0x000000000800f070       0x20 Middlewares/ST/STM32_USB_Device_Library/Class/CDC/Src/usbd_cdc.o
 .text.USBD_CDC_GetHSCfgDesc
                0x000000000800f090       0x20 Middlewares/ST/STM32_USB_Device_Library/Class/CDC/Src/usbd_cdc.o
 .text.USBD_CDC_GetOtherSpeedCfgDesc
                0x000000000800f0b0       0x20 Middlewares/ST/STM32_USB_Device_Library/Class/CDC/Src/usbd_cdc.o
 .text.USBD_CDC_GetDeviceQualifierDescriptor
                0x000000000800f0d0       0x20 Middlewares/ST/STM32_USB_Device_Library/Class/CDC/Src/usbd_cdc.o
                0x000000000800f0d0                USBD_CDC_GetDeviceQualifierDescriptor
 .text.USBD_CDC_RegisterInterface
                0x000000000800f0f0       0x2a Middlewares/ST/STM32_USB_Device_Library/Class/CDC/Src/usbd_cdc.o
                0x000000000800f0f0                USBD_CDC_RegisterInterface
 .text.USBD_CDC_SetTxBuffer
                0x000000000800f11a       0x3c Middlewares/ST/STM32_USB_Device_Library/Class/CDC/Src/usbd_cdc.o
                0x000000000800f11a                USBD_CDC_SetTxBuffer
 .text.USBD_CDC_SetRxBuffer
                0x000000000800f156       0x32 Middlewares/ST/STM32_USB_Device_Library/Class/CDC/Src/usbd_cdc.o
                0x000000000800f156                USBD_CDC_SetRxBuffer
 .text.USBD_CDC_ReceivePacket
                0x000000000800f188       0x54 Middlewares/ST/STM32_USB_Device_Library/Class/CDC/Src/usbd_cdc.o
                0x000000000800f188                USBD_CDC_ReceivePacket
 .text.USBD_Init
                0x000000000800f1dc       0x60 Middlewares/ST/STM32_USB_Device_Library/Core/Src/usbd_core.o
                0x000000000800f1dc                USBD_Init
 .text.USBD_RegisterClass
                0x000000000800f23c       0x4e Middlewares/ST/STM32_USB_Device_Library/Core/Src/usbd_core.o
                0x000000000800f23c                USBD_RegisterClass
 .text.USBD_Start
                0x000000000800f28a       0x18 Middlewares/ST/STM32_USB_Device_Library/Core/Src/usbd_core.o
                0x000000000800f28a                USBD_Start
 .text.USBD_RunTestMode
                0x000000000800f2a2       0x16 Middlewares/ST/STM32_USB_Device_Library/Core/Src/usbd_core.o
                0x000000000800f2a2                USBD_RunTestMode
 .text.USBD_SetClassConfig
                0x000000000800f2b8       0x38 Middlewares/ST/STM32_USB_Device_Library/Core/Src/usbd_core.o
                0x000000000800f2b8                USBD_SetClassConfig
 .text.USBD_ClrClassConfig
                0x000000000800f2f0       0x30 Middlewares/ST/STM32_USB_Device_Library/Core/Src/usbd_core.o
                0x000000000800f2f0                USBD_ClrClassConfig
 .text.USBD_LL_SetupStage
                0x000000000800f320       0xaa Middlewares/ST/STM32_USB_Device_Library/Core/Src/usbd_core.o
                0x000000000800f320                USBD_LL_SetupStage
 .text.USBD_LL_DataOutStage
                0x000000000800f3ca       0xc6 Middlewares/ST/STM32_USB_Device_Library/Core/Src/usbd_core.o
                0x000000000800f3ca                USBD_LL_DataOutStage
 .text.USBD_LL_DataInStage
                0x000000000800f490      0x12c Middlewares/ST/STM32_USB_Device_Library/Core/Src/usbd_core.o
                0x000000000800f490                USBD_LL_DataInStage
 .text.USBD_LL_Reset
                0x000000000800f5bc       0x9c Middlewares/ST/STM32_USB_Device_Library/Core/Src/usbd_core.o
                0x000000000800f5bc                USBD_LL_Reset
 .text.USBD_LL_SetSpeed
                0x000000000800f658       0x20 Middlewares/ST/STM32_USB_Device_Library/Core/Src/usbd_core.o
                0x000000000800f658                USBD_LL_SetSpeed
 .text.USBD_LL_Suspend
                0x000000000800f678       0x2c Middlewares/ST/STM32_USB_Device_Library/Core/Src/usbd_core.o
                0x000000000800f678                USBD_LL_Suspend
 .text.USBD_LL_Resume
                0x000000000800f6a4       0x30 Middlewares/ST/STM32_USB_Device_Library/Core/Src/usbd_core.o
                0x000000000800f6a4                USBD_LL_Resume
 .text.USBD_LL_SOF
                0x000000000800f6d4       0x44 Middlewares/ST/STM32_USB_Device_Library/Core/Src/usbd_core.o
                0x000000000800f6d4                USBD_LL_SOF
 .text.USBD_LL_IsoINIncomplete
                0x000000000800f718       0x4c Middlewares/ST/STM32_USB_Device_Library/Core/Src/usbd_core.o
                0x000000000800f718                USBD_LL_IsoINIncomplete
 .text.USBD_LL_IsoOUTIncomplete
                0x000000000800f764       0x4c Middlewares/ST/STM32_USB_Device_Library/Core/Src/usbd_core.o
                0x000000000800f764                USBD_LL_IsoOUTIncomplete
 .text.USBD_LL_DevConnected
                0x000000000800f7b0       0x16 Middlewares/ST/STM32_USB_Device_Library/Core/Src/usbd_core.o
                0x000000000800f7b0                USBD_LL_DevConnected
 .text.USBD_LL_DevDisconnected
                0x000000000800f7c6       0x38 Middlewares/ST/STM32_USB_Device_Library/Core/Src/usbd_core.o
                0x000000000800f7c6                USBD_LL_DevDisconnected
 .text.SWAPBYTE
                0x000000000800f7fe       0x3c Middlewares/ST/STM32_USB_Device_Library/Core/Src/usbd_ctlreq.o
 *fill*         0x000000000800f83a        0x2 
 .text.USBD_StdDevReq
                0x000000000800f83c       0xdc Middlewares/ST/STM32_USB_Device_Library/Core/Src/usbd_ctlreq.o
                0x000000000800f83c                USBD_StdDevReq
 .text.USBD_StdItfReq
                0x000000000800f918       0x92 Middlewares/ST/STM32_USB_Device_Library/Core/Src/usbd_ctlreq.o
                0x000000000800f918                USBD_StdItfReq
 .text.USBD_StdEPReq
                0x000000000800f9aa      0x2c4 Middlewares/ST/STM32_USB_Device_Library/Core/Src/usbd_ctlreq.o
                0x000000000800f9aa                USBD_StdEPReq
 *fill*         0x000000000800fc6e        0x2 
 .text.USBD_GetDescriptor
                0x000000000800fc70      0x2d4 Middlewares/ST/STM32_USB_Device_Library/Core/Src/usbd_ctlreq.o
 .text.USBD_SetAddress
                0x000000000800ff44       0x88 Middlewares/ST/STM32_USB_Device_Library/Core/Src/usbd_ctlreq.o
 .text.USBD_SetConfig
                0x000000000800ffcc      0x14c Middlewares/ST/STM32_USB_Device_Library/Core/Src/usbd_ctlreq.o
 .text.USBD_GetConfig
                0x0000000008010118       0x6c Middlewares/ST/STM32_USB_Device_Library/Core/Src/usbd_ctlreq.o
 .text.USBD_GetStatus
                0x0000000008010184       0x68 Middlewares/ST/STM32_USB_Device_Library/Core/Src/usbd_ctlreq.o
 .text.USBD_SetFeature
                0x00000000080101ec       0x28 Middlewares/ST/STM32_USB_Device_Library/Core/Src/usbd_ctlreq.o
 .text.USBD_ClrFeature
                0x0000000008010214       0x44 Middlewares/ST/STM32_USB_Device_Library/Core/Src/usbd_ctlreq.o
 .text.USBD_ParseSetupRequest
                0x0000000008010258       0x74 Middlewares/ST/STM32_USB_Device_Library/Core/Src/usbd_ctlreq.o
                0x0000000008010258                USBD_ParseSetupRequest
 .text.USBD_CtlError
                0x00000000080102cc       0x22 Middlewares/ST/STM32_USB_Device_Library/Core/Src/usbd_ctlreq.o
                0x00000000080102cc                USBD_CtlError
 .text.USBD_GetString
                0x00000000080102ee       0x8c Middlewares/ST/STM32_USB_Device_Library/Core/Src/usbd_ctlreq.o
                0x00000000080102ee                USBD_GetString
 .text.USBD_GetLen
                0x000000000801037a       0x34 Middlewares/ST/STM32_USB_Device_Library/Core/Src/usbd_ctlreq.o
 .text.USBD_CtlSendData
                0x00000000080103ae       0x36 Middlewares/ST/STM32_USB_Device_Library/Core/Src/usbd_ioreq.o
                0x00000000080103ae                USBD_CtlSendData
 .text.USBD_CtlContinueSendData
                0x00000000080103e4       0x22 Middlewares/ST/STM32_USB_Device_Library/Core/Src/usbd_ioreq.o
                0x00000000080103e4                USBD_CtlContinueSendData
 .text.USBD_CtlPrepareRx
                0x0000000008010406       0x3a Middlewares/ST/STM32_USB_Device_Library/Core/Src/usbd_ioreq.o
                0x0000000008010406                USBD_CtlPrepareRx
 .text.USBD_CtlContinueRx
                0x0000000008010440       0x22 Middlewares/ST/STM32_USB_Device_Library/Core/Src/usbd_ioreq.o
                0x0000000008010440                USBD_CtlContinueRx
 .text.USBD_CtlSendStatus
                0x0000000008010462       0x26 Middlewares/ST/STM32_USB_Device_Library/Core/Src/usbd_ioreq.o
                0x0000000008010462                USBD_CtlSendStatus
 .text.USBD_CtlReceiveStatus
                0x0000000008010488       0x26 Middlewares/ST/STM32_USB_Device_Library/Core/Src/usbd_ioreq.o
                0x0000000008010488                USBD_CtlReceiveStatus
 *fill*         0x00000000080104ae        0x2 
 .text.FATFS_LinkDriverEx
                0x00000000080104b0       0x98 Middlewares/Third_Party/FatFs/src/ff_gen_drv.o
                0x00000000080104b0                FATFS_LinkDriverEx
 .text.FATFS_LinkDriver
                0x0000000008010548       0x1e Middlewares/Third_Party/FatFs/src/ff_gen_drv.o
                0x0000000008010548                FATFS_LinkDriver
 *fill*         0x0000000008010566        0x2 
 .text.MX_USB_DEVICE_Init
                0x0000000008010568       0x64 USB_DEVICE/App/usb_device.o
                0x0000000008010568                MX_USB_DEVICE_Init
 .text.CDC_Init_FS
                0x00000000080105cc       0x28 USB_DEVICE/App/usbd_cdc_if.o
 .text.CDC_DeInit_FS
                0x00000000080105f4       0x10 USB_DEVICE/App/usbd_cdc_if.o
 .text.CDC_Control_FS
                0x0000000008010604       0xbc USB_DEVICE/App/usbd_cdc_if.o
 .text.CDC_Receive_FS
                0x00000000080106c0       0x5c USB_DEVICE/App/usbd_cdc_if.o
 .text.CDC_TransmitCplt_FS
                0x000000000801071c       0x22 USB_DEVICE/App/usbd_cdc_if.o
 *fill*         0x000000000801073e        0x2 
 .text.USBD_FS_DeviceDescriptor
                0x0000000008010740       0x24 USB_DEVICE/App/usbd_desc.o
                0x0000000008010740                USBD_FS_DeviceDescriptor
 .text.USBD_FS_LangIDStrDescriptor
                0x0000000008010764       0x24 USB_DEVICE/App/usbd_desc.o
                0x0000000008010764                USBD_FS_LangIDStrDescriptor
 .text.USBD_FS_ProductStrDescriptor
                0x0000000008010788       0x3c USB_DEVICE/App/usbd_desc.o
                0x0000000008010788                USBD_FS_ProductStrDescriptor
 .text.USBD_FS_ManufacturerStrDescriptor
                0x00000000080107c4       0x28 USB_DEVICE/App/usbd_desc.o
                0x00000000080107c4                USBD_FS_ManufacturerStrDescriptor
 .text.USBD_FS_SerialStrDescriptor
                0x00000000080107ec       0x24 USB_DEVICE/App/usbd_desc.o
                0x00000000080107ec                USBD_FS_SerialStrDescriptor
 .text.USBD_FS_ConfigStrDescriptor
                0x0000000008010810       0x3c USB_DEVICE/App/usbd_desc.o
                0x0000000008010810                USBD_FS_ConfigStrDescriptor
 .text.USBD_FS_InterfaceStrDescriptor
                0x000000000801084c       0x3c USB_DEVICE/App/usbd_desc.o
                0x000000000801084c                USBD_FS_InterfaceStrDescriptor
 .text.Get_SerialNum
                0x0000000008010888       0x58 USB_DEVICE/App/usbd_desc.o
 .text.IntToUnicode
                0x00000000080108e0       0x7e USB_DEVICE/App/usbd_desc.o
 *fill*         0x000000000801095e        0x2 
 .text.HAL_PCD_MspInit
                0x0000000008010960      0x104 USB_DEVICE/Target/usbd_conf.o
                0x0000000008010960                HAL_PCD_MspInit
 .text.HAL_PCD_SetupStageCallback
                0x0000000008010a64       0x24 USB_DEVICE/Target/usbd_conf.o
                0x0000000008010a64                HAL_PCD_SetupStageCallback
 .text.HAL_PCD_DataOutStageCallback
                0x0000000008010a88       0x36 USB_DEVICE/Target/usbd_conf.o
                0x0000000008010a88                HAL_PCD_DataOutStageCallback
 .text.HAL_PCD_DataInStageCallback
                0x0000000008010abe       0x34 USB_DEVICE/Target/usbd_conf.o
                0x0000000008010abe                HAL_PCD_DataInStageCallback
 .text.HAL_PCD_SOFCallback
                0x0000000008010af2       0x1c USB_DEVICE/Target/usbd_conf.o
                0x0000000008010af2                HAL_PCD_SOFCallback
 .text.HAL_PCD_ResetCallback
                0x0000000008010b0e       0x50 USB_DEVICE/Target/usbd_conf.o
                0x0000000008010b0e                HAL_PCD_ResetCallback
 *fill*         0x0000000008010b5e        0x2 
 .text.HAL_PCD_SuspendCallback
                0x0000000008010b60       0x4c USB_DEVICE/Target/usbd_conf.o
                0x0000000008010b60                HAL_PCD_SuspendCallback
 .text.HAL_PCD_ResumeCallback
                0x0000000008010bac       0x1c USB_DEVICE/Target/usbd_conf.o
                0x0000000008010bac                HAL_PCD_ResumeCallback
 .text.HAL_PCD_ISOOUTIncompleteCallback
                0x0000000008010bc8       0x24 USB_DEVICE/Target/usbd_conf.o
                0x0000000008010bc8                HAL_PCD_ISOOUTIncompleteCallback
 .text.HAL_PCD_ISOINIncompleteCallback
                0x0000000008010bec       0x24 USB_DEVICE/Target/usbd_conf.o
                0x0000000008010bec                HAL_PCD_ISOINIncompleteCallback
 .text.HAL_PCD_ConnectCallback
                0x0000000008010c10       0x1c USB_DEVICE/Target/usbd_conf.o
                0x0000000008010c10                HAL_PCD_ConnectCallback
 .text.HAL_PCD_DisconnectCallback
                0x0000000008010c2c       0x1c USB_DEVICE/Target/usbd_conf.o
                0x0000000008010c2c                HAL_PCD_DisconnectCallback
 .text.USBD_LL_Init
                0x0000000008010c48       0xa0 USB_DEVICE/Target/usbd_conf.o
                0x0000000008010c48                USBD_LL_Init
 .text.USBD_LL_Start
                0x0000000008010ce8       0x36 USB_DEVICE/Target/usbd_conf.o
                0x0000000008010ce8                USBD_LL_Start
 .text.USBD_LL_OpenEP
                0x0000000008010d1e       0x4c USB_DEVICE/Target/usbd_conf.o
                0x0000000008010d1e                USBD_LL_OpenEP
 .text.USBD_LL_CloseEP
                0x0000000008010d6a       0x3e USB_DEVICE/Target/usbd_conf.o
                0x0000000008010d6a                USBD_LL_CloseEP
 .text.USBD_LL_StallEP
                0x0000000008010da8       0x3e USB_DEVICE/Target/usbd_conf.o
                0x0000000008010da8                USBD_LL_StallEP
 .text.USBD_LL_ClearStallEP
                0x0000000008010de6       0x3e USB_DEVICE/Target/usbd_conf.o
                0x0000000008010de6                USBD_LL_ClearStallEP
 .text.USBD_LL_IsStallEP
                0x0000000008010e24       0x58 USB_DEVICE/Target/usbd_conf.o
                0x0000000008010e24                USBD_LL_IsStallEP
 .text.USBD_LL_SetUSBAddress
                0x0000000008010e7c       0x3e USB_DEVICE/Target/usbd_conf.o
                0x0000000008010e7c                USBD_LL_SetUSBAddress
 .text.USBD_LL_Transmit
                0x0000000008010eba       0x42 USB_DEVICE/Target/usbd_conf.o
                0x0000000008010eba                USBD_LL_Transmit
 .text.USBD_LL_PrepareReceive
                0x0000000008010efc       0x42 USB_DEVICE/Target/usbd_conf.o
                0x0000000008010efc                USBD_LL_PrepareReceive
 .text.USBD_LL_GetRxDataSize
                0x0000000008010f3e       0x26 USB_DEVICE/Target/usbd_conf.o
                0x0000000008010f3e                USBD_LL_GetRxDataSize
 .text.USBD_static_malloc
                0x0000000008010f64       0x1c USB_DEVICE/Target/usbd_conf.o
                0x0000000008010f64                USBD_static_malloc
 .text.USBD_static_free
                0x0000000008010f80       0x14 USB_DEVICE/Target/usbd_conf.o
                0x0000000008010f80                USBD_static_free
 .text.USBD_Get_USB_Status
                0x0000000008010f94       0x58 USB_DEVICE/Target/usbd_conf.o
                0x0000000008010f94                USBD_Get_USB_Status
 .text.__libc_init_array
                0x0000000008010fec       0x48 c:/st/stm32cubeide_1.6.1/stm32cubeide/plugins/com.st.stm32cube.ide.mcu.externaltools.gnu-tools-for-stm32.9-2020-q2-update.win32_1.5.0.202011040924/tools/bin/../lib/gcc/arm-none-eabi/9.3.1/../../../../arm-none-eabi/lib/thumb/v7e-m+dp/hard\libc_nano.a(lib_a-init.o)
                0x0000000008010fec                __libc_init_array
 .text.memcpy   0x0000000008011034       0x1c c:/st/stm32cubeide_1.6.1/stm32cubeide/plugins/com.st.stm32cube.ide.mcu.externaltools.gnu-tools-for-stm32.9-2020-q2-update.win32_1.5.0.202011040924/tools/bin/../lib/gcc/arm-none-eabi/9.3.1/../../../../arm-none-eabi/lib/thumb/v7e-m+dp/hard\libc_nano.a(lib_a-memcpy-stub.o)
                0x0000000008011034                memcpy
 .text.memset   0x0000000008011050       0x10 c:/st/stm32cubeide_1.6.1/stm32cubeide/plugins/com.st.stm32cube.ide.mcu.externaltools.gnu-tools-for-stm32.9-2020-q2-update.win32_1.5.0.202011040924/tools/bin/../lib/gcc/arm-none-eabi/9.3.1/../../../../arm-none-eabi/lib/thumb/v7e-m+dp/hard\libc_nano.a(lib_a-memset.o)
                0x0000000008011050                memset
 *(.glue_7)
 .glue_7        0x0000000008011060        0x0 linker stubs
 *(.glue_7t)
 .glue_7t       0x0000000008011060        0x0 linker stubs
 *(.eh_frame)
 .eh_frame      0x0000000008011060        0x0 c:/st/stm32cubeide_1.6.1/stm32cubeide/plugins/com.st.stm32cube.ide.mcu.externaltools.gnu-tools-for-stm32.9-2020-q2-update.win32_1.5.0.202011040924/tools/bin/../lib/gcc/arm-none-eabi/9.3.1/thumb/v7e-m+dp/hard/crtbegin.o
 *(.init)
 .init          0x0000000008011060        0x4 c:/st/stm32cubeide_1.6.1/stm32cubeide/plugins/com.st.stm32cube.ide.mcu.externaltools.gnu-tools-for-stm32.9-2020-q2-update.win32_1.5.0.202011040924/tools/bin/../lib/gcc/arm-none-eabi/9.3.1/thumb/v7e-m+dp/hard/crti.o
                0x0000000008011060                _init
 .init          0x0000000008011064        0x8 c:/st/stm32cubeide_1.6.1/stm32cubeide/plugins/com.st.stm32cube.ide.mcu.externaltools.gnu-tools-for-stm32.9-2020-q2-update.win32_1.5.0.202011040924/tools/bin/../lib/gcc/arm-none-eabi/9.3.1/thumb/v7e-m+dp/hard/crtn.o
 *(.fini)
 .fini          0x000000000801106c        0x4 c:/st/stm32cubeide_1.6.1/stm32cubeide/plugins/com.st.stm32cube.ide.mcu.externaltools.gnu-tools-for-stm32.9-2020-q2-update.win32_1.5.0.202011040924/tools/bin/../lib/gcc/arm-none-eabi/9.3.1/thumb/v7e-m+dp/hard/crti.o
                0x000000000801106c                _fini
 .fini          0x0000000008011070        0x8 c:/st/stm32cubeide_1.6.1/stm32cubeide/plugins/com.st.stm32cube.ide.mcu.externaltools.gnu-tools-for-stm32.9-2020-q2-update.win32_1.5.0.202011040924/tools/bin/../lib/gcc/arm-none-eabi/9.3.1/thumb/v7e-m+dp/hard/crtn.o
                0x0000000008011078                . = ALIGN (0x4)
                0x0000000008011078                _etext = .

.vfp11_veneer   0x0000000008011078        0x0
 .vfp11_veneer  0x0000000008011078        0x0 linker stubs

.v4_bx          0x0000000008011078        0x0
 .v4_bx         0x0000000008011078        0x0 linker stubs

.iplt           0x0000000008011078        0x0
 .iplt          0x0000000008011078        0x0 c:/st/stm32cubeide_1.6.1/stm32cubeide/plugins/com.st.stm32cube.ide.mcu.externaltools.gnu-tools-for-stm32.9-2020-q2-update.win32_1.5.0.202011040924/tools/bin/../lib/gcc/arm-none-eabi/9.3.1/thumb/v7e-m+dp/hard/crtbegin.o

.rodata         0x0000000008011078       0x9c
                0x0000000008011078                . = ALIGN (0x4)
 *(.rodata)
 .rodata        0x0000000008011078       0x46 USB_DEVICE/App/usbd_desc.o
 *(.rodata*)
 *fill*         0x00000000080110be        0x2 
 .rodata.D1CorePrescTable
                0x00000000080110c0       0x10 Core/Src/system_stm32h7xx.o
                0x00000000080110c0                D1CorePrescTable
 .rodata.flagBitshiftOffset.12647
                0x00000000080110d0        0x8 Drivers/STM32H7xx_HAL_Driver/Src/stm32h7xx_hal_dma.o
 .rodata.UARTPrescTable
                0x00000000080110d8       0x18 Drivers/STM32H7xx_HAL_Driver/Src/stm32h7xx_hal_uart.o
                0x00000000080110d8                UARTPrescTable
 .rodata.numerator.12602
                0x00000000080110f0        0x8 Drivers/STM32H7xx_HAL_Driver/Src/stm32h7xx_hal_uart_ex.o
 .rodata.denominator.12603
                0x00000000080110f8        0x8 Drivers/STM32H7xx_HAL_Driver/Src/stm32h7xx_hal_uart_ex.o
 .rodata.SD_Driver
                0x0000000008011100       0x14 FATFS/Target/sd_diskio.o
                0x0000000008011100                SD_Driver
                0x0000000008011114                . = ALIGN (0x4)

.ARM.extab
 *(.ARM.extab* .gnu.linkonce.armextab.*)

.ARM            0x0000000008011114        0x8
                0x0000000008011114                __exidx_start = .
 *(.ARM.exidx*)
 .ARM.exidx     0x0000000008011114        0x8 c:/st/stm32cubeide_1.6.1/stm32cubeide/plugins/com.st.stm32cube.ide.mcu.externaltools.gnu-tools-for-stm32.9-2020-q2-update.win32_1.5.0.202011040924/tools/bin/../lib/gcc/arm-none-eabi/9.3.1/thumb/v7e-m+dp/hard\libgcc.a(_udivmoddi4.o)
                0x000000000801111c                __exidx_end = .

.rel.dyn        0x000000000801111c        0x0
 .rel.iplt      0x000000000801111c        0x0 c:/st/stm32cubeide_1.6.1/stm32cubeide/plugins/com.st.stm32cube.ide.mcu.externaltools.gnu-tools-for-stm32.9-2020-q2-update.win32_1.5.0.202011040924/tools/bin/../lib/gcc/arm-none-eabi/9.3.1/thumb/v7e-m+dp/hard/crtbegin.o

.preinit_array  0x000000000801111c        0x0
                0x000000000801111c                PROVIDE (__preinit_array_start = .)
 *(.preinit_array*)
                0x000000000801111c                PROVIDE (__preinit_array_end = .)

.init_array     0x000000000801111c        0x4
                0x000000000801111c                PROVIDE (__init_array_start = .)
 *(SORT_BY_NAME(.init_array.*))
 *(.init_array*)
 .init_array    0x000000000801111c        0x4 c:/st/stm32cubeide_1.6.1/stm32cubeide/plugins/com.st.stm32cube.ide.mcu.externaltools.gnu-tools-for-stm32.9-2020-q2-update.win32_1.5.0.202011040924/tools/bin/../lib/gcc/arm-none-eabi/9.3.1/thumb/v7e-m+dp/hard/crtbegin.o
                0x0000000008011120                PROVIDE (__init_array_end = .)

.fini_array     0x0000000008011120        0x4
                [!provide]                        PROVIDE (__fini_array_start = .)
 *(SORT_BY_NAME(.fini_array.*))
 *(.fini_array*)
 .fini_array    0x0000000008011120        0x4 c:/st/stm32cubeide_1.6.1/stm32cubeide/plugins/com.st.stm32cube.ide.mcu.externaltools.gnu-tools-for-stm32.9-2020-q2-update.win32_1.5.0.202011040924/tools/bin/../lib/gcc/arm-none-eabi/9.3.1/thumb/v7e-m+dp/hard/crtbegin.o
                [!provide]                        PROVIDE (__fini_array_end = .)
                0x0000000008011124                _sidata = LOADADDR (.data)

.data           0x0000000020000000      0x184 load address 0x0000000008011124
                0x0000000020000000                . = ALIGN (0x4)
                0x0000000020000000                _sdata = .
 *(.data)
 *(.data*)
 .data.SystemCoreClock
                0x0000000020000000        0x4 Core/Src/system_stm32h7xx.o
                0x0000000020000000                SystemCoreClock
 .data.SystemD2Clock
                0x0000000020000004        0x4 Core/Src/system_stm32h7xx.o
                0x0000000020000004                SystemD2Clock
 .data.uwTickPrio
                0x0000000020000008        0x4 Drivers/STM32H7xx_HAL_Driver/Src/stm32h7xx_hal.o
                0x0000000020000008                uwTickPrio
 .data.uwTickFreq
                0x000000002000000c        0x1 Drivers/STM32H7xx_HAL_Driver/Src/stm32h7xx_hal.o
                0x000000002000000c                uwTickFreq
 .data.Stat     0x000000002000000d        0x1 FATFS/Target/sd_diskio.o
 *fill*         0x000000002000000e        0x2 
 .data.USBD_CDC_DeviceQualifierDesc
                0x0000000020000010        0xa Middlewares/ST/STM32_USB_Device_Library/Class/CDC/Src/usbd_cdc.o
 *fill*         0x000000002000001a        0x2 
 .data.USBD_CDC
                0x000000002000001c       0x38 Middlewares/ST/STM32_USB_Device_Library/Class/CDC/Src/usbd_cdc.o
                0x000000002000001c                USBD_CDC
 .data.USBD_CDC_CfgHSDesc
                0x0000000020000054       0x43 Middlewares/ST/STM32_USB_Device_Library/Class/CDC/Src/usbd_cdc.o
 *fill*         0x0000000020000097        0x1 
 .data.USBD_CDC_CfgFSDesc
                0x0000000020000098       0x43 Middlewares/ST/STM32_USB_Device_Library/Class/CDC/Src/usbd_cdc.o
 *fill*         0x00000000200000db        0x1 
 .data.USBD_CDC_OtherSpeedCfgDesc
                0x00000000200000dc       0x43 Middlewares/ST/STM32_USB_Device_Library/Class/CDC/Src/usbd_cdc.o
 *fill*         0x000000002000011f        0x1 
 .data.USBD_Interface_fops_FS
                0x0000000020000120       0x14 USB_DEVICE/App/usbd_cdc_if.o
                0x0000000020000120                USBD_Interface_fops_FS
 .data.FS_Desc  0x0000000020000134       0x1c USB_DEVICE/App/usbd_desc.o
                0x0000000020000134                FS_Desc
 .data.USBD_FS_DeviceDesc
                0x0000000020000150       0x12 USB_DEVICE/App/usbd_desc.o
                0x0000000020000150                USBD_FS_DeviceDesc
 *fill*         0x0000000020000162        0x2 
 .data.USBD_LangIDDesc
                0x0000000020000164        0x4 USB_DEVICE/App/usbd_desc.o
                0x0000000020000164                USBD_LangIDDesc
 .data.USBD_StringSerial
                0x0000000020000168       0x1a USB_DEVICE/App/usbd_desc.o
                0x0000000020000168                USBD_StringSerial
 *(.RamFunc)
 *(.RamFunc*)
                0x0000000020000184                . = ALIGN (0x4)
 *fill*         0x0000000020000182        0x2 
                0x0000000020000184                _edata = .

.igot.plt       0x0000000020000184        0x0 load address 0x00000000080112a8
 .igot.plt      0x0000000020000184        0x0 c:/st/stm32cubeide_1.6.1/stm32cubeide/plugins/com.st.stm32cube.ide.mcu.externaltools.gnu-tools-for-stm32.9-2020-q2-update.win32_1.5.0.202011040924/tools/bin/../lib/gcc/arm-none-eabi/9.3.1/thumb/v7e-m+dp/hard/crtbegin.o
                0x0000000020000184                . = ALIGN (0x4)

.bss            0x0000000020000184     0x22f0 load address 0x00000000080112a8
                0x0000000020000184                _sbss = .
                0x0000000020000184                __bss_start__ = _sbss
 *(.bss)
 .bss           0x0000000020000184       0x1c c:/st/stm32cubeide_1.6.1/stm32cubeide/plugins/com.st.stm32cube.ide.mcu.externaltools.gnu-tools-for-stm32.9-2020-q2-update.win32_1.5.0.202011040924/tools/bin/../lib/gcc/arm-none-eabi/9.3.1/thumb/v7e-m+dp/hard/crtbegin.o
 *(.bss*)
 .bss.cfgidx.14352
                0x00000000200001a0        0x1 Middlewares/ST/STM32_USB_Device_Library/Core/Src/usbd_ctlreq.o
 *fill*         0x00000000200001a1        0x3 
 .bss.disk      0x00000000200001a4        0xc Middlewares/Third_Party/FatFs/src/ff_gen_drv.o
                0x00000000200001a4                disk
 .bss.mem.14420
                0x00000000200001b0      0x220 USB_DEVICE/Target/usbd_conf.o
 *(COMMON)
 COMMON         0x00000000200003d0      0x360 Core/Src/main.o
                0x00000000200003d0                hdma_uart4_rx
                0x0000000020000448                hsd1
                0x00000000200004c8                htim3
                0x0000000020000514                hadc1
                0x0000000020000578                hadc3
                0x00000000200005dc                huart4
                0x000000002000066c                htim2
                0x00000000200006b8                hdma_uart4_tx
 COMMON         0x0000000020000730        0x4 Drivers/STM32H7xx_HAL_Driver/Src/stm32h7xx_hal.o
                0x0000000020000730                uwTick
 COMMON         0x0000000020000734      0x468 FATFS/App/fatfs.o
                0x0000000020000734                retSD
                0x0000000020000738                SDPath
                0x000000002000073c                SDFile
                0x000000002000096c                SDFatFS
 COMMON         0x0000000020000b9c      0x2d0 USB_DEVICE/App/usb_device.o
                0x0000000020000b9c                hUsbDeviceFS
 COMMON         0x0000000020000e6c     0x1000 USB_DEVICE/App/usbd_cdc_if.o
                0x0000000020000e6c                UserRxBufferFS
                0x000000002000166c                UserTxBufferFS
 COMMON         0x0000000020001e6c      0x200 USB_DEVICE/App/usbd_desc.o
                0x0000000020001e6c                USBD_StrDesc
 COMMON         0x000000002000206c      0x408 USB_DEVICE/Target/usbd_conf.o
                0x000000002000206c                hpcd_USB_OTG_FS
                0x0000000020002474                . = ALIGN (0x4)
                0x0000000020002474                _ebss = .
                0x0000000020002474                __bss_end__ = _ebss

._user_heap_stack
                0x0000000020002474      0x604 load address 0x00000000080112a8
                0x0000000020002478                . = ALIGN (0x8)
 *fill*         0x0000000020002474        0x4 
                [!provide]                        PROVIDE (end = .)
                0x0000000020002478                PROVIDE (_end = .)
                0x0000000020002678                . = (. + _Min_Heap_Size)
 *fill*         0x0000000020002478      0x200 
                0x0000000020002a78                . = (. + _Min_Stack_Size)
 *fill*         0x0000000020002678      0x400 
                0x0000000020002a78                . = ALIGN (0x8)

/DISCARD/
 libc.a(*)
 libm.a(*)
 libgcc.a(*)

.ARM.attributes
                0x0000000000000000       0x2e
 *(.ARM.attributes)
 .ARM.attributes
                0x0000000000000000       0x1e c:/st/stm32cubeide_1.6.1/stm32cubeide/plugins/com.st.stm32cube.ide.mcu.externaltools.gnu-tools-for-stm32.9-2020-q2-update.win32_1.5.0.202011040924/tools/bin/../lib/gcc/arm-none-eabi/9.3.1/thumb/v7e-m+dp/hard/crti.o
 .ARM.attributes
                0x000000000000001e       0x32 c:/st/stm32cubeide_1.6.1/stm32cubeide/plugins/com.st.stm32cube.ide.mcu.externaltools.gnu-tools-for-stm32.9-2020-q2-update.win32_1.5.0.202011040924/tools/bin/../lib/gcc/arm-none-eabi/9.3.1/thumb/v7e-m+dp/hard/crtbegin.o
 .ARM.attributes
                0x0000000000000050       0x32 Core/Src/main.o
 .ARM.attributes
                0x0000000000000082       0x32 Core/Src/stm32h7xx_hal_msp.o
 .ARM.attributes
                0x00000000000000b4       0x32 Core/Src/stm32h7xx_it.o
 .ARM.attributes
                0x00000000000000e6       0x32 Core/Src/system_stm32h7xx.o